Component: ARM Compiler 5.06 update 6 (build 750) Tool: armlink [4d35ed]

==============================================================================

Section Cross References

    startup_stm32f429xx.o(RESET) refers to startup_stm32f429xx.o(STACK) for __initial_sp
    startup_stm32f429xx.o(RESET) refers to startup_stm32f429xx.o(.text) for Reset_Handler
    startup_stm32f429xx.o(RESET) refers to stm32f4xx_it.o(i.NMI_Handler) for NMI_Handler
    startup_stm32f429xx.o(RESET) refers to stm32f4xx_it.o(i.HardFault_Handler) for HardFault_Handler
    startup_stm32f429xx.o(RESET) refers to stm32f4xx_it.o(i.MemManage_Handler) for MemManage_Handler
    startup_stm32f429xx.o(RESET) refers to stm32f4xx_it.o(i.BusFault_Handler) for BusFault_Handler
    startup_stm32f429xx.o(RESET) refers to stm32f4xx_it.o(i.UsageFault_Handler) for UsageFault_Handler
    startup_stm32f429xx.o(RESET) refers to stm32f4xx_it.o(i.SVC_Handler) for SVC_Handler
    startup_stm32f429xx.o(RESET) refers to stm32f4xx_it.o(i.DebugMon_Handler) for DebugMon_Handler
    startup_stm32f429xx.o(RESET) refers to stm32f4xx_it.o(i.PendSV_Handler) for PendSV_Handler
    startup_stm32f429xx.o(RESET) refers to stm32f4xx_it.o(i.SysTick_Handler) for SysTick_Handler
    startup_stm32f429xx.o(RESET) refers to stm32f4xx_it.o(i.TIM2_IRQHandler) for TIM2_IRQHandler
    startup_stm32f429xx.o(RESET) refers to stm32f4xx_it.o(i.TIM3_IRQHandler) for TIM3_IRQHandler
    startup_stm32f429xx.o(RESET) refers to stm32f4xx_it.o(i.USART1_IRQHandler) for USART1_IRQHandler
    startup_stm32f429xx.o(.text) refers to system_stm32f4xx.o(i.SystemInit) for SystemInit
    startup_stm32f429xx.o(.text) refers to entry.o(.ARM.Collect$$$$00000000) for __main
    main.o(i.HAL_Delay_us) refers to stm32f4xx_hal_tim.o(i.HAL_TIM_Base_Start) for HAL_TIM_Base_Start
    main.o(i.HAL_Delay_us) refers to stm32f4xx_hal_tim.o(i.HAL_TIM_Base_Stop) for HAL_TIM_Base_Stop
    main.o(i.HAL_Delay_us) refers to tim.o(.bss) for htim6
    main.o(i.HAL_TIM_PeriodElapsedCallback) refers to multi_button.o(i.button_ticks) for button_ticks
    main.o(i.HAL_TIM_PeriodElapsedCallback) refers to fdc2214.o(i.FDC2214_GetChannelData) for FDC2214_GetChannelData
    main.o(i.HAL_TIM_PeriodElapsedCallback) refers to printfa.o(i.__0printf) for __2printf
    main.o(i.HAL_TIM_PeriodElapsedCallback) refers to tim.o(.bss) for htim2
    main.o(i.HAL_TIM_PeriodElapsedCallback) refers to main.o(.data) for .data
    main.o(i.SystemClock_Config) refers to memseta.o(.text) for __aeabi_memclr4
    main.o(i.SystemClock_Config) refers to stm32f4xx_hal_rcc.o(i.HAL_RCC_OscConfig) for HAL_RCC_OscConfig
    main.o(i.SystemClock_Config) refers to stm32f4xx_hal_pwr_ex.o(i.HAL_PWREx_EnableOverDrive) for HAL_PWREx_EnableOverDrive
    main.o(i.SystemClock_Config) refers to stm32f4xx_hal_rcc.o(i.HAL_RCC_ClockConfig) for HAL_RCC_ClockConfig
    main.o(i.button0_callback) refers to multi_button.o(i.get_button_event) for get_button_event
    main.o(i.button0_callback) refers to ringbuffer.o(i.rt_ringbuffer_put) for rt_ringbuffer_put
    main.o(i.button0_callback) refers to printfa.o(i.__0printf) for __2printf
    main.o(i.button0_callback) refers to main.o(.bss) for .bss
    main.o(i.main) refers to stm32f4xx_hal.o(i.HAL_Init) for HAL_Init
    main.o(i.main) refers to main.o(i.SystemClock_Config) for SystemClock_Config
    main.o(i.main) refers to gpio.o(i.MX_GPIO_Init) for MX_GPIO_Init
    main.o(i.main) refers to spi.o(i.MX_SPI5_Init) for MX_SPI5_Init
    main.o(i.main) refers to usart.o(i.MX_USART1_UART_Init) for MX_USART1_UART_Init
    main.o(i.main) refers to tim.o(i.MX_TIM2_Init) for MX_TIM2_Init
    main.o(i.main) refers to tim.o(i.MX_TIM3_Init) for MX_TIM3_Init
    main.o(i.main) refers to tim.o(i.MX_TIM6_Init) for MX_TIM6_Init
    main.o(i.main) refers to printfa.o(i.__0printf) for __2printf
    main.o(i.main) refers to iic.o(i.IIC_Init) for IIC_Init
    main.o(i.main) refers to main.o(i.HAL_Delay_us) for HAL_Delay_us
    main.o(i.main) refers to fdc2214.o(i.FDC2214_Init) for FDC2214_Init
    main.o(i.main) refers to ringbuffer.o(i.rt_ringbuffer_init) for rt_ringbuffer_init
    main.o(i.main) refers to easyflash.o(i.easyflash_init) for easyflash_init
    main.o(i.main) refers to multi_button.o(i.button_init) for button_init
    main.o(i.main) refers to multi_button.o(i.button_attach) for button_attach
    main.o(i.main) refers to multi_button.o(i.button_start) for button_start
    main.o(i.main) refers to stm32f4xx_hal_tim.o(i.HAL_TIM_Base_Start_IT) for HAL_TIM_Base_Start_IT
    main.o(i.main) refers to main.o(i.msg_process) for msg_process
    main.o(i.main) refers to main.o(.bss) for .bss
    main.o(i.main) refers to main.o(.data) for .data
    main.o(i.main) refers to main.o(i.read_button0_GPIO) for read_button0_GPIO
    main.o(i.main) refers to main.o(i.button0_callback) for button0_callback
    main.o(i.main) refers to tim.o(.bss) for htim2
[...]
    read_jedec_id                            0x08005b01   Thumb Code   108  sfud.o(i.read_jedec_id)
    i.read_sector_meta_data                  0x08005ba4   Section        0  ef_env.o(i.read_sector_meta_data)
    read_sector_meta_data                    0x08005ba5   Thumb Code   380  ef_env.o(i.read_sector_meta_data)
    i.read_sfdp_data                         0x08005dbc   Section        0  sfud_sfdp.o(i.read_sfdp_data)
    read_sfdp_data                           0x08005dbd   Thumb Code   130  sfud_sfdp.o(i.read_sfdp_data)
    i.read_sfdp_header                       0x08005ec0   Section        0  sfud_sfdp.o(i.read_sfdp_header)
    read_sfdp_header                         0x08005ec1   Thumb Code   152  sfud_sfdp.o(i.read_sfdp_header)
    i.read_status                            0x08006040   Section        0  ef_env.o(i.read_status)
    read_status                              0x08006041   Thumb Code    50  ef_env.o(i.read_status)
    i.reset                                  0x080060cc   Section        0  sfud.o(i.reset)
    reset                                    0x080060cd   Thumb Code   136  sfud.o(i.reset)
    i.retry_delay_100us                      0x080061dc   Section        0  sfud_port.o(i.retry_delay_100us)
    retry_delay_100us                        0x080061dd   Thumb Code     8  sfud_port.o(i.retry_delay_100us)
    i.rt_ringbuffer_data_len                 0x080061e4   Section        0  ringbuffer.o(i.rt_ringbuffer_data_len)
    i.rt_ringbuffer_get                      0x08006218   Section        0  ringbuffer.o(i.rt_ringbuffer_get)
    i.rt_ringbuffer_init                     0x080062dc   Section        0  ringbuffer.o(i.rt_ringbuffer_init)
    i.rt_ringbuffer_put                      0x08006378   Section        0  ringbuffer.o(i.rt_ringbuffer_put)
    i.rt_ringbuffer_status                   0x08006440   Section        0  ringbuffer.o(i.rt_ringbuffer_status)
    rt_ringbuffer_status                     0x08006441   Thumb Code    32  ringbuffer.o(i.rt_ringbuffer_status)
    i.sector_iterator                        0x08006460   Section        0  ef_env.o(i.sector_iterator)
    sector_iterator                          0x08006461   Thumb Code    86  ef_env.o(i.sector_iterator)
    i.sector_statistics_cb                   0x080064b6   Section        0  ef_env.o(i.sector_statistics_cb)
    sector_statistics_cb                     0x080064b7   Thumb Code    34  ef_env.o(i.sector_statistics_cb)
    i.set_4_byte_address_mode                0x080064d8   Section        0  sfud.o(i.set_4_byte_address_mode)
    set_4_byte_address_mode                  0x080064d9   Thumb Code   116  sfud.o(i.set_4_byte_address_mode)
    i.set_env                                0x080065f4   Section        0  ef_env.o(i.set_env)
    set_env                                  0x080065f5   Thumb Code   128  ef_env.o(i.set_env)
    i.set_status                             0x0800667c   Section        0  ef_env.o(i.set_status)
    set_status                               0x0800667d   Thumb Code    44  ef_env.o(i.set_status)
    i.set_write_enabled                      0x080066a8   Section        0  sfud.o(i.set_write_enabled)
    set_write_enabled                        0x080066a9   Thumb Code   106  sfud.o(i.set_write_enabled)
    i.sfud_chip_erase                        0x080067a4   Section        0  sfud.o(i.sfud_chip_erase)
    i.sfud_device_init                       0x080068dc   Section        0  sfud.o(i.sfud_device_init)
    i.sfud_erase                             0x080069bc   Section        0  sfud.o(i.sfud_erase)
    i.sfud_erase_write                       0x08006bb4   Section        0  sfud.o(i.sfud_erase_write)
    i.sfud_get_device_table                  0x08006bdc   Section        0  sfud.o(i.sfud_get_device_table)
    i.sfud_init                              0x08006be4   Section        0  sfud.o(i.sfud_init)
    i.sfud_log_debug                         0x08006c78   Section        0  sfud_port.o(i.sfud_log_debug)
    i.sfud_log_info                          0x08006cc0   Section        0  sfud_port.o(i.sfud_log_info)
    i.sfud_read                              0x08006cfc   Section        0  sfud.o(i.sfud_read)
    i.sfud_read_sfdp                         0x08006e3c   Section        0  sfud_sfdp.o(i.sfud_read_sfdp)
    i.sfud_read_status                       0x08006ecc   Section        0  sfud.o(i.sfud_read_status)
    i.sfud_sfdp_get_suitable_eraser          0x08006f60   Section        0  sfud_sfdp.o(i.sfud_sfdp_get_suitable_eraser)
    i.sfud_spi_port_init                     0x08007014   Section        0  sfud_port.o(i.sfud_spi_port_init)
    i.sfud_write                             0x08007058   Section        0  sfud.o(i.sfud_write)
    i.sfud_write_status                      0x08007084   Section        0  sfud.o(i.sfud_write_status)
    i.spi_lock                               0x08007160   Section        0  sfud_port.o(i.spi_lock)
    spi_lock                                 0x08007161   Thumb Code     4  sfud_port.o(i.spi_lock)
    i.spi_unlock                             0x08007164   Section        0  sfud_port.o(i.spi_unlock)
    spi_unlock                               0x08007165   Thumb Code     4  sfud_port.o(i.spi_unlock)
    i.spi_write_read                         0x08007168   Section        0  sfud_port.o(i.spi_write_read)
    spi_write_read                           0x08007169   Thumb Code   174  sfud_port.o(i.spi_write_read)
    i.test_env                               0x08007278   Section        0  main.o(i.test_env)
    i.update_env_cache                       0x08007348   Section        0  ef_env.o(i.update_env_cache)
    update_env_cache                         0x08007349   Thumb Code   170  ef_env.o(i.update_env_cache)
    i.update_sec_status                      0x080073f8   Section        0  ef_env.o(i.update_sec_status)
    update_sec_status                        0x080073f9   Thumb Code    90  ef_env.o(i.update_sec_status)
    i.update_sector_cache                    0x08007454   Section        0  ef_env.o(i.update_sector_cache)
    update_sector_cache                      0x08007455   Thumb Code    90  ef_env.o(i.update_sector_cache)
    i.w25qxx_test                            0x080074b4   Section        0  main.o(i.w25qxx_test)
    i.wait_busy                              0x08007510   Section        0  sfud.o(i.wait_busy)
    wait_busy                                0x08007511   Thumb Code    86  sfud.o(i.wait_busy)
    i.write_status                           0x080075d8   Section        0  ef_env.o(i.write_status)
    write_status                             0x080075d9   Thumb Code    84  ef_env.o(i.write_status)
    .constdata                               0x080076a0   Section       16  system_stm32f4xx.o(.constdata)
    .constdata                               0x080076b0   Section        8  system_stm32f4xx.o(.constdata)
    .constdata                               0x080076b8   Section       15  sfud_port.o(.constdata)
    __FUNCTION__                             0x080076b8   Data          15  sfud_port.o(.constdata)
    .constdata                               0x080076c8   Section      887  sfud.o(.constdata)
    __FUNCTION__                             0x080076c8   Data           6  sfud.o(.constdata)
    mf_table                                 0x080076d0   Data         128  sfud.o(.constdata)
    flash_chip_table                         0x08007750   Data         528  sfud.o(.constdata)
    __FUNCTION__                             0x08007960   Data          14  sfud.o(.constdata)
    __FUNCTION__                             0x0800796e   Data          14  sfud.o(.constdata)
    __FUNCTION__                             0x0800797c   Data          10  sfud.o(.constdata)
    __FUNCTION__                             0x08007986   Data          16  sfud.o(.constdata)
    __FUNCTION__                             0x08007996   Data          11  sfud.o(.constdata)
    __FUNCTION__                             0x080079a1   Data          24  sfud.o(.constdata)
    __FUNCTION__                             0x080079b9   Data          10  sfud.o(.constdata)
    __FUNCTION__                             0x080079c3   Data          14  sfud.o(.constdata)
    __FUNCTION__                             0x080079d1   Data          18  sfud.o(.constdata)
    __FUNCTION__                             0x080079e3   Data          24  sfud.o(.constdata)
    __FUNCTION__                             0x080079fb   Data          17  sfud.o(.constdata)
    __FUNCTION__                             0x08007a0c   Data          10  sfud.o(.constdata)
    __FUNCTION__                             0x08007a16   Data          23  sfud.o(.constdata)
    __FUNCTION__                             0x08007a2d   Data          18  sfud.o(.constdata)
    .constdata                               0x08007a3f   Section      112  sfud_sfdp.o(.constdata)
    __FUNCTION__                             0x08007a3f   Data          15  sfud_sfdp.o(.constdata)
    __FUNCTION__                             0x08007a4e   Data          17  sfud_sfdp.o(.constdata)
    __FUNCTION__                             0x08007a5f   Data          18  sfud_sfdp.o(.constdata)
    __FUNCTION__                             0x08007a71   Data          17  sfud_sfdp.o(.constdata)
    __FUNCTION__                             0x08007a82   Data          15  sfud_sfdp.o(.constdata)
    __FUNCTION__                             0x08007a91   Data          30  sfud_sfdp.o(.constdata)
    .constdata                               0x08007aaf   Section      171  ringbuffer.o(.constdata)
    __FUNCTION__                             0x08007aaf   Data          19  ringbuffer.o(.constdata)
    __FUNCTION__                             0x08007ac2   Data          18  ringbuffer.o(.constdata)
    __FUNCTION__                             0x08007ad4   Data          24  ringbuffer.o(.constdata)
    __FUNCTION__                             0x08007aec   Data          18  ringbuffer.o(.constdata)
    __FUNCTION__                             0x08007afe   Data          22  ringbuffer.o(.constdata)
    __FUNCTION__                             0x08007b14   Data          28  ringbuffer.o(.constdata)
    __FUNCTION__                             0x08007b30   Data          22  ringbuffer.o(.constdata)
    __FUNCTION__                             0x08007b46   Data          20  ringbuffer.o(.constdata)
    .constdata                               0x08007b5c   Section       38  ef_port.o(.constdata)
    default_env_set                          0x08007b5c   Data          24  ef_port.o(.constdata)
    __FUNCTION__                             0x08007b74   Data          14  ef_port.o(.constdata)
    .constdata                               0x08007b82   Section      119  ef_env.o(.constdata)
    __FUNCTION__                             0x08007b82   Data          13  ef_env.o(.constdata)
    __FUNCTION__                             0x08007b8f   Data          12  ef_env.o(.constdata)
    __FUNCTION__                             0x08007b9b   Data           9  ef_env.o(.constdata)
    __FUNCTION__                             0x08007ba4   Data          22  ef_env.o(.constdata)
    __FUNCTION__                             0x08007bba   Data          18  ef_env.o(.constdata)
    __FUNCTION__                             0x08007bcc   Data          14  ef_env.o(.constdata)
    __FUNCTION__                             0x08007bda   Data          19  ef_env.o(.constdata)
    __FUNCTION__                             0x08007bed   Data          12  ef_env.o(.constdata)
    .constdata                               0x08007bfc   Section     1024  ef_utils.o(.constdata)
    crc32_table                              0x08007bfc   Data        1024  ef_utils.o(.constdata)
    .conststring                             0x08007ffc   Section      541  sfud.o(.conststring)
    .conststring                             0x0800821c   Section      911  sfud_sfdp.o(.conststring)
    .conststring                             0x080085ac   Section       46  ef_port.o(.conststring)
    .conststring                             0x080085dc   Section       73  easyflash.o(.conststring)
    .conststring                             0x08008628   Section      303  ef_env.o(.conststring)
    .data                                    0x20000000   Section      780  main.o(.data)
    res_CH4_DATA                             0x20000008   Data           4  main.o(.data)
    .data                                    0x2000030c   Section        1  stm32f4xx_it.o(.data)
    .data                                    0x20000310   Section       12  stm32f4xx_hal.o(.data)
    .data                                    0x2000031c   Section        4  system_stm32f4xx.o(.data)
    .data                                    0x20000320   Section       12  sfud_port.o(.data)
    spi5                                     0x20000320   Data          12  sfud_port.o(.data)
    .data                                    0x2000032c   Section      116  sfud.o(.data)
    flash_table                              0x2000032c   Data         116  sfud.o(.data)
    .data                                    0x200003a0   Section        4  multi_button.o(.data)
    head_handle                              0x200003a0   Data           4  multi_button.o(.data)
    .data                                    0x200003a4   Section        1  easyflash.o(.data)
    init_ok                                  0x200003a4   Data           1  easyflash.o(.data)
    .data                                    0x200003a8   Section       16  ef_env.o(.data)
    init_ok                                  0x200003a8   Data           1  ef_env.o(.data)
    gc_request                               0x200003a9   Data           1  ef_env.o(.data)
    in_recovery_check                        0x200003aa   Data           1  ef_env.o(.data)
    last_is_complete_del                     0x200003ab   Data           1  ef_env.o(.data)
    env_start_addr                           0x200003ac   Data           4  ef_env.o(.data)
    default_env_set_size                     0x200003b0   Data           4  ef_env.o(.data)
    default_env_set                          0x200003b4   Data           4  ef_env.o(.data)
    .data                                    0x200003b8   Section        4  fdc2214.o(.data)
    .data                                    0x200003bc   Section        4  stdout.o(.data)
    .bss                                     0x200003c0   Section      436  main.o(.bss)
    msg_buffdata                             0x200003c0   Data         128  main.o(.bss)
    message_buff                             0x2000044c   Data         256  main.o(.bss)
    .bss                                     0x20000574   Section       88  spi.o(.bss)
    .bss                                     0x200005cc   Section      192  tim.o(.bss)
    .bss                                     0x2000068c   Section       64  usart.o(.bss)
    .bss                                     0x200006cc   Section      256  stm32f4xx_it.o(.bss)
    .bss                                     0x200007cc   Section       12  stm32f4xx_it.o(.bss)
    .bss                                     0x200007d8   Section      256  sfud_port.o(.bss)
    log_buf                                  0x200007d8   Data         256  sfud_port.o(.bss)
    .bss                                     0x200008d8   Section      261  sfud.o(.bss)
    cmd_data                                 0x200008d8   Data         261  sfud.o(.bss)
    .bss                                     0x200009dd   Section      128  ef_port.o(.bss)
    log_buf                                  0x200009dd   Data         128  ef_port.o(.bss)
    .bss                                     0x20000a60   Section      372  ef_env.o(.bss)
    value                                    0x20000b00   Data         129  ef_env.o(.bss)
    env                                      0x20000b84   Data          56  ef_env.o(.bss)
    sector                                   0x20000bbc   Data          24  ef_env.o(.bss)
    .bss                                     0x20000bd8   Section       32  fdc2214.o(.bss)
    STACK                                    0x20000bf8   Section     1024  startup_stm32f429xx.o(STACK)

    Global Symbols

    Symbol Name                              Value     Ov Type        Size  Object(Section)

    BuildAttributes$$THM_ISAv4$E$P$D$K$B$S$7EM$VFPi3$EXTD16$VFPS$VFMA$PE$A:L22UL41UL21$X:L11$S22US41US21$IEEE1$IW$USESV6$~STKCKD$USESV7$~SHL$OTIME$ROPI$EBA8$MICROLIB$REQ8$PRES8$EABIv2 0x00000000   Number         0  anon$$obj.o ABSOLUTE
    __ARM_use_no_argv                        0x00000000   Number         0  main.o ABSOLUTE
    _printf_a                                0x00000000   Number         0  stubs.o ABSOLUTE
    _printf_c                                0x00000000   Number         0  stubs.o ABSOLUTE
    _printf_charcount                        0x00000000   Number         0  stubs.o ABSOLUTE
    _printf_d                                0x00000000   Number         0  stubs.o ABSOLUTE
    _printf_e                                0x00000000   Number         0  stubs.o ABSOLUTE
    _printf_f                                0x00000000   Number         0  stubs.o ABSOLUTE
    _printf_flags                            0x00000000   Number         0  stubs.o ABSOLUTE
    _printf_fp_dec                           0x00000000   Number         0  stubs.o ABSOLUTE
    _printf_fp_hex                           0x00000000   Number         0  stubs.o ABSOLUTE
    _printf_g                                0x00000000   Number         0  stubs.o ABSOLUTE
    _printf_i                                0x00000000   Number         0  stubs.o ABSOLUTE
    _printf_int_dec                          0x00000000   Number         0  stubs.o ABSOLUTE
    _printf_l                                0x00000000   Number         0  stubs.o ABSOLUTE
    _printf_lc                               0x00000000   Number         0  stubs.o ABSOLUTE
    _printf_ll                               0x00000000   Number         0  stubs.o ABSOLUTE
    _printf_lld                              0x00000000   Number         0  stubs.o ABSOLUTE
    _printf_lli                              0x00000000   Number         0  stubs.o ABSOLUTE
    _printf_llo                              0x00000000   Number         0  stubs.o ABSOLUTE
    _printf_llu                              0x00000000   Number         0  stubs.o ABSOLUTE
    _printf_llx                              0x00000000   Number         0  stubs.o ABSOLUTE
    _printf_longlong_dec                     0x00000000   Number         0  stubs.o ABSOLUTE
    _printf_longlong_hex                     0x00000000   Number         0  stubs.o ABSOLUTE
    _printf_longlong_oct                     0x00000000   Number         0  stubs.o ABSOLUTE
    _printf_ls                               0x00000000   Number         0  stubs.o ABSOLUTE
    _printf_mbtowc                           0x00000000   Number         0  stubs.o ABSOLUTE
    _printf_n                                0x00000000   Number         0  stubs.o ABSOLUTE
    _printf_o                                0x00000000   Number         0  stubs.o ABSOLUTE
    _printf_p                                0x00000000   Number         0  stubs.o ABSOLUTE
    _printf_percent                          0x00000000   Number         0  stubs.o ABSOLUTE
    _printf_pre_padding                      0x00000000   Number         0  stubs.o ABSOLUTE
    _printf_return_value                     0x00000000   Number         0  stubs.o ABSOLUTE
    _printf_s                                0x00000000   Number         0  stubs.o ABSOLUTE
    _printf_sizespec                         0x00000000   Number         0  stubs.o ABSOLUTE
    _printf_str                              0x00000000   Number         0  stubs.o ABSOLUTE
    _printf_truncate_signed                  0x00000000   Number         0  stubs.o ABSOLUTE
    _printf_truncate_unsigned                0x00000000   Number         0  stubs.o ABSOLUTE
    _printf_u                                0x00000000   Number         0  stubs.o ABSOLUTE
    _printf_wc                               0x00000000   Number         0  stubs.o ABSOLUTE
    _printf_wctomb                           0x00000000   Number         0  stubs.o ABSOLUTE
    _printf_widthprec                        0x00000000   Number         0  stubs.o ABSOLUTE
    _printf_x                                0x00000000   Number         0  stubs.o ABSOLUTE
    __cpp_initialize__aeabi_                  - Undefined Weak Reference
    __cxa_finalize                            - Undefined Weak Reference
    _clock_init                               - Undefined Weak Reference
    _microlib_exit                            - Undefined Weak Reference
    __Vectors_Size                           0x000001ac   Number         0  startup_stm32f429xx.o ABSOLUTE
    __Vectors                                0x08000000   Data           4  startup_stm32f429xx.o(RESET)
    __Vectors_End                            0x080001ac   Data           0  startup_stm32f429xx.o(RESET)
    __main                                   0x080001ad   Thumb Code     0  entry.o(.ARM.Collect$$$$00000000)
    _main_stk                                0x080001ad   Thumb Code     0  entry2.o(.ARM.Collect$$$$00000001)
    _main_scatterload                        0x080001b1   Thumb Code     0  entry5.o(.ARM.Collect$$$$00000004)
    __main_after_scatterload                 0x080001b5   Thumb Code     0  entry5.o(.ARM.Collect$$$$00000004)
    _main_clock                              0x080001b5   Thumb Code     0  entry7b.o(.ARM.Collect$$$$00000008)
    _main_cpp_init                           0x080001b5   Thumb Code     0  entry8b.o(.ARM.Collect$$$$0000000A)
    _main_init                               0x080001b5   Thumb Code     0  entry9a.o(.ARM.Collect$$$$0000000B)
    __rt_final_cpp                           0x080001bd   Thumb Code     0  entry10a.o(.ARM.Collect$$$$0000000D)
    __rt_final_exit                          0x080001bd   Thumb Code     0  entry11a.o(.ARM.Collect$$$$0000000F)
    Reset_Handler                            0x080001c1   Thumb Code     8  startup_stm32f429xx.o(.text)
    ADC_IRQHandler                           0x080001db   Thumb Code     0  startup_stm32f429xx.o(.text)
    CAN1_RX0_IRQHandler                      0x080001db   Thumb Code     0  startup_stm32f429xx.o(.text)
    CAN1_RX1_IRQHandler                      0x080001db   Thumb Code     0  startup_stm32f429xx.o(.text)
    CAN1_SCE_IRQHandler                      0x080001db   Thumb Code     0  startup_stm32f429xx.o(.text)
    CAN1_TX_IRQHandler                       0x080001db   Thumb Code     0  startup_stm32f429xx.o(.text)
    CAN2_RX0_IRQHandler                      0x080001db   Thumb Code     0  startup_stm32f429xx.o(.text)
    CAN2_RX1_IRQHandler                      0x080001db   Thumb Code     0  startup_stm32f429xx.o(.text)
    CAN2_SCE_IRQHandler                      0x080001db   Thumb Code     0  startup_stm32f429xx.o(.text)
    CAN2_TX_IRQHandler                       0x080001db   Thumb Code     0  startup_stm32f429xx.o(.text)
    DCMI_IRQHandler                          0x080001db   Thumb Code     0  startup_stm32f429xx.o(.text)
    DMA1_Stream0_IRQHandler                  0x080001db   Thumb Code     0  startup_stm32f429xx.o(.text)
    DMA1_Stream1_IRQHandler                  0x080001db   Thumb Code     0  startup_stm32f429xx.o(.text)
    DMA1_Stream2_IRQHandler                  0x080001db   Thumb Code     0  startup_stm32f429xx.o(.text)
    DMA1_Stream3_IRQHandler                  0x080001db   Thumb Code     0  startup_stm32f429xx.o(.text)
    DMA1_Stream4_IRQHandler                  0x080001db   Thumb Code     0  startup_stm32f429xx.o(.text)
    DMA1_Stream5_IRQHandler                  0x080001db   Thumb Code     0  startup_stm32f429xx.o(.text)
    DMA1_Stream6_IRQHandler                  0x080001db   Thumb Code     0  startup_stm32f429xx.o(.text)
    DMA1_Stream7_IRQHandler                  0x080001db   Thumb Code     0  startup_stm32f429xx.o(.text)
    DMA2D_IRQHandler                         0x080001db   Thumb Code     0  startup_stm32f429xx.o(.text)
    DMA2_Stream0_IRQHandler                  0x080001db   Thumb Code     0  startup_stm32f429xx.o(.text)
    DMA2_Stream1_IRQHandler                  0x080001db   Thumb Code     0  startup_stm32f429xx.o(.text)
    DMA2_Stream2_IRQHandler                  0x080001db   Thumb Code     0  startup_stm32f429xx.o(.text)
    DMA2_Stream3_IRQHandler                  0x080001db   Thumb Code     0  startup_stm32f429xx.o(.text)
    DMA2_Stream4_IRQHandler                  0x080001db   Thumb Code     0  startup_stm32f429xx.o(.text)
    DMA2_Stream5_IRQHandler                  0x080001db   Thumb Code     0  startup_stm32f429xx.o(.text)
    DMA2_Stream6_IRQHandler                  0x080001db   Thumb Code     0  startup_stm32f429xx.o(.text)
    DMA2_Stream7_IRQHandler                  0x080001db   Thumb Code     0  startup_stm32f429xx.o(.text)
    ETH_IRQHandler                           0x080001db   Thumb Code     0  startup_stm32f429xx.o(.text)
    ETH_WKUP_IRQHandler                      0x080001db   Thumb Code     0  startup_stm32f429xx.o(.text)
    EXTI0_IRQHandler                         0x080001db   Thumb Code     0  startup_stm32f429xx.o(.text)
    EXTI15_10_IRQHandler                     0x080001db   Thumb Code     0  startup_stm32f429xx.o(.text)
    EXTI1_IRQHandler                         0x080001db   Thumb Code     0  startup_stm32f429xx.o(.text)
    EXTI2_IRQHandler                         0x080001db   Thumb Code     0  startup_stm32f429xx.o(.text)
    EXTI3_IRQHandler                         0x080001db   Thumb Code     0  startup_stm32f429xx.o(.text)
    EXTI4_IRQHandler                         0x080001db   Thumb Code     0  startup_stm32f429xx.o(.text)
    EXTI9_5_IRQHandler                       0x080001db   Thumb Code     0  startup_stm32f429xx.o(.text)
    FLASH_IRQHandler                         0x080001db   Thumb Code     0  startup_stm32f429xx.o(.text)
    FMC_IRQHandler                           0x080001db   Thumb Code     0  startup_stm32f429xx.o(.text)
    FPU_IRQHandler                           0x080001db   Thumb Code     0  startup_stm32f429xx.o(.text)
    HASH_RNG_IRQHandler                      0x080001db   Thumb Code     0  startup_stm32f429xx.o(.text)
    I2C1_ER_IRQHandler                       0x080001db   Thumb Code     0  startup_stm32f429xx.o(.text)
    I2C1_EV_IRQHandler                       0x080001db   Thumb Code     0  startup_stm32f429xx.o(.text)
    I2C2_ER_IRQHandler                       0x080001db   Thumb Code     0  startup_stm32f429xx.o(.text)
    I2C2_EV_IRQHandler                       0x080001db   Thumb Code     0  startup_stm32f429xx.o(.text)
    I2C3_ER_IRQHandler                       0x080001db   Thumb Code     0  startup_stm32f429xx.o(.text)
    I2C3_EV_IRQHandler                       0x080001db   Thumb Code     0  startup_stm32f429xx.o(.text)
    LTDC_ER_IRQHandler                       0x080001db   Thumb Code     0  startup_stm32f429xx.o(.text)
    LTDC_IRQHandler                          0x080001db   Thumb Code     0  startup_stm32f429xx.o(.text)
    OTG_FS_IRQHandler                        0x080001db   Thumb Code     0  startup_stm32f429xx.o(.text)
    OTG_FS_WKUP_IRQHandler                   0x080001db   Thumb Code     0  startup_stm32f429xx.o(.text)
    OTG_HS_EP1_IN_IRQHandler                 0x080001db   Thumb Code     0  startup_stm32f429xx.o(.text)
    OTG_HS_EP1_OUT_IRQHandler                0x080001db   Thumb Code     0  startup_stm32f429xx.o(.text)
    OTG_HS_IRQHandler                        0x080001db   Thumb Code     0  startup_stm32f429xx.o(.text)
    OTG_HS_WKUP_IRQHandler                   0x080001db   Thumb Code     0  startup_stm32f429xx.o(.text)
    PVD_IRQHandler                           0x080001db   Thumb Code     0  startup_stm32f429xx.o(.text)
    RCC_IRQHandler                           0x080001db   Thumb Code     0  startup_stm32f429xx.o(.text)
    RTC_Alarm_IRQHandler                     0x080001db   Thumb Code     0  startup_stm32f429xx.o(.text)
    RTC_WKUP_IRQHandler                      0x080001db   Thumb Code     0  startup_stm32f429xx.o(.text)
    SAI1_IRQHandler                          0x080001db   Thumb Code     0  startup_stm32f429xx.o(.text)
    SDIO_IRQHandler                          0x080001db   Thumb Code     0  startup_stm32f429xx.o(.text)
    SPI1_IRQHandler                          0x080001db   Thumb Code     0  startup_stm32f429xx.o(.text)
    SPI2_IRQHandler                          0x080001db   Thumb Code     0  startup_stm32f429xx.o(.text)
    SPI3_IRQHandler                          0x080001db   Thumb Code     0  startup_stm32f429xx.o(.text)
    SPI4_IRQHandler                          0x080001db   Thumb Code     0  startup_stm32f429xx.o(.text)
    SPI5_IRQHandler                          0x080001db   Thumb Code     0  startup_stm32f429xx.o(.text)
    SPI6_IRQHandler                          0x080001db   Thumb Code     0  startup_stm32f429xx.o(.text)
    TAMP_STAMP_IRQHandler                    0x080001db   Thumb Code     0  startup_stm32f429xx.o(.text)
    TIM1_BRK_TIM9_IRQHandler                 0x080001db   Thumb Code     0  startup_stm32f429xx.o(.text)
    TIM1_CC_IRQHandler                       0x080001db   Thumb Code     0  startup_stm32f429xx.o(.text)
    TIM1_TRG_COM_TIM11_IRQHandler            0x080001db   Thumb Code     0  startup_stm32f429xx.o(.text)
    TIM1_UP_TIM10_IRQHandler                 0x080001db   Thumb Code     0  startup_stm32f429xx.o(.text)
    TIM4_IRQHandler                          0x080001db   Thumb Code     0  startup_stm32f429xx.o(.text)
    TIM5_IRQHandler                          0x080001db   Thumb Code     0  startup_stm32f429xx.o(.text)
    TIM6_DAC_IRQHandler                      0x080001db   Thumb Code     0  startup_stm32f429xx.o(.text)
    TIM7_IRQHandler                          0x080001db   Thumb Code     0  startup_stm32f429xx.o(.text)
    TIM8_BRK_TIM12_IRQHandler                0x080001db   Thumb Code     0  startup_stm32f429xx.o(.text)
    TIM8_CC_IRQHandler                       0x080001db   Thumb Code     0  startup_stm32f429xx.o(.text)
    TIM8_TRG_COM_TIM14_IRQHandler            0x080001db   Thumb Code     0  startup_stm32f429xx.o(.text)
    TIM8_UP_TIM13_IRQHandler                 0x080001db   Thumb Code     0  startup_stm32f429xx.o(.text)
    UART4_IRQHandler                         0x080001db   Thumb Code     0  startup_stm32f429xx.o(.text)
    UART5_IRQHandler                         0x080001db   Thumb Code     0  startup_stm32f429xx.o(.text)
    UART7_IRQHandler                         0x080001db   Thumb Code     0  startup_stm32f429xx.o(.text)
    UART8_IRQHandler                         0x080001db   Thumb Code     0  startup_stm32f429xx.o(.text)
    USART2_IRQHandler                        0x080001db   Thumb Code     0  startup_stm32f429xx.o(.text)
    USART3_IRQHandler                        0x080001db   Thumb Code     0  startup_stm32f429xx.o(.text)
    USART6_IRQHandler                        0x080001db   Thumb Code     0  startup_stm32f429xx.o(.text)
    WWDG_IRQHandler                          0x080001db   Thumb Code     0  startup_stm32f429xx.o(.text)
    __aeabi_uldivmod                         0x080001e5   Thumb Code    98  uldiv.o(.text)
    __aeabi_memcpy                           0x08000247   Thumb Code    36  memcpya.o(.text)
    __aeabi_memcpy4                          0x08000247   Thumb Code     0  memcpya.o(.text)
    __aeabi_memcpy8                          0x08000247   Thumb Code     0  memcpya.o(.text)
    __aeabi_memset                           0x0800026b   Thumb Code    14  memseta.o(.text)
    __aeabi_memset4                          0x0800026b   Thumb Code     0  memseta.o(.text)
    __aeabi_memset8                          0x0800026b   Thumb Code     0  memseta.o(.text)
    __aeabi_memclr                           0x08000279   Thumb Code     4  memseta.o(.text)
    __aeabi_memclr4                          0x08000279   Thumb Code     0  memseta.o(.text)
    __aeabi_memclr8                          0x08000279   Thumb Code     0  memseta.o(.text)
    _memset$wrapper                          0x0800027d   Thumb Code    18  memseta.o(.text)
    strncpy                                  0x0800028f   Thumb Code    24  strncpy.o(.text)
    strlen                                   0x080002a7   Thumb Code    14  strlen.o(.text)
    strncmp                                  0x080002b5   Thumb Code    30  strncmp.o(.text)
    __aeabi_dmul                             0x080002d3   Thumb Code   228  dmul.o(.text)
    __aeabi_ddiv                             0x080003b7   Thumb Code   222  ddiv.o(.text)
    __aeabi_ui2d                             0x08000495   Thumb Code    26  dfltui.o(.text)
    __aeabi_uidiv                            0x080004af   Thumb Code     0  uidiv.o(.text)
    __aeabi_uidivmod                         0x080004af   Thumb Code    44  uidiv.o(.text)
    __aeabi_llsl                             0x080004db   Thumb Code    30  llshl.o(.text)
    _ll_shift_l                              0x080004db   Thumb Code     0  llshl.o(.text)
    __aeabi_llsr                             0x080004f9   Thumb Code    32  llushr.o(.text)
    _ll_ushift_r                             0x080004f9   Thumb Code     0  llushr.o(.text)
    __I$use$fp                               0x08000519   Thumb Code     0  iusefp.o(.text)
    _double_round                            0x08000519   Thumb Code    30  depilogue.o(.text)
    _double_epilogue                         0x08000537   Thumb Code   156  depilogue.o(.text)
    __aeabi_dadd                             0x080005d3   Thumb Code   322  dadd.o(.text)
    __aeabi_dsub                             0x08000715   Thumb Code     6  dadd.o(.text)
    __aeabi_drsub                            0x0800071b   Thumb Code     6  dadd.o(.text)
    __aeabi_d2ulz                            0x08000721   Thumb Code    48  dfixul.o(.text)
    __aeabi_cdrcmple                         0x08000751   Thumb Code    48  cdrcmple.o(.text)
    __scatterload                            0x08000781   Thumb Code    28  init.o(.text)
    __scatterload_rt2                        0x08000781   Thumb Code     0  init.o(.text)
    __aeabi_lasr                             0x080007a5   Thumb Code    36  llsshr.o(.text)
    _ll_sshift_r                             0x080007a5   Thumb Code     0  llsshr.o(.text)
    __decompress                             0x080007c9   Thumb Code     0  __dczerorl2.o(.text)
    __decompress1                            0x080007c9   Thumb Code    86  __dczerorl2.o(.text)
    BusFault_Handler                         0x0800081f   Thumb Code     2  stm32f4xx_it.o(i.BusFault_Handler)
    DebugMon_Handler                         0x08000821   Thumb Code     2  stm32f4xx_it.o(i.DebugMon_Handler)
    Error_Handler                            0x08000823   Thumb Code     2  main.o(i.Error_Handler)
    FDC2214_GetChannelData                   0x08000825   Thumb Code   124  fdc2214.o(i.FDC2214_GetChannelData)
    FDC2214_Init                             0x080008ad   Thumb Code   146  fdc2214.o(i.FDC2214_Init)
    FDC2214_Read16                           0x08000999   Thumb Code    76  fdc2214.o(i.FDC2214_Read16)
    FDC2214_Reset                            0x080009e5   Thumb Code    12  fdc2214.o(i.FDC2214_Reset)
    FDC2214_SetChannelClock                  0x080009f1   Thumb Code   106  fdc2214.o(i.FDC2214_SetChannelClock)
    FDC2214_SetClockSource                   0x08000a6d   Thumb Code    34  fdc2214.o(i.FDC2214_SetClockSource)
    FDC2214_SetCurrentMode                   0x08000a8f   Thumb Code    34  fdc2214.o(i.FDC2214_SetCurrentMode)
    FDC2214_SetDriveCurrent                  0x08000ab1   Thumb Code    44  fdc2214.o(i.FDC2214_SetDriveCurrent)
    FDC2214_SetHighCurrentMode               0x08000add   Thumb Code    34  fdc2214.o(i.FDC2214_SetHighCurrentMode)
    FDC2214_SetINTB                          0x08000aff   Thumb Code    60  fdc2214.o(i.FDC2214_SetINTB)
    FDC2214_SetMUX_CONFIG                    0x08000b3b   Thumb Code    30  fdc2214.o(i.FDC2214_SetMUX_CONFIG)
    FDC2214_SetRcount                        0x08000b59   Thumb Code    48  fdc2214.o(i.FDC2214_SetRcount)
    FDC2214_SetSettleCount                   0x08000b89   Thumb Code    44  fdc2214.o(i.FDC2214_SetSettleCount)
    FDC2214_SetSleepMode                     0x08000bb5   Thumb Code    34  fdc2214.o(i.FDC2214_SetSleepMode)
    FDC2214_Write16                          0x08000bd7   Thumb Code    62  fdc2214.o(i.FDC2214_Write16)
    HAL_DMA_Abort_IT                         0x08000c15   Thumb Code    36  stm32f4xx_hal_dma.o(i.HAL_DMA_Abort_IT)
    HAL_Delay_us                             0x08000c39   Thumb Code    48  main.o(i.HAL_Delay_us)
    HAL_GPIO_Init                            0x08000c6d   Thumb Code   414  stm32f4xx_hal_gpio.o(i.HAL_GPIO_Init)
    HAL_GPIO_ReadPin                         0x08000e41   Thumb Code    10  stm32f4xx_hal_gpio.o(i.HAL_GPIO_ReadPin)
    HAL_GPIO_WritePin                        0x08000e4b   Thumb Code    10  stm32f4xx_hal_gpio.o(i.HAL_GPIO_WritePin)
    HAL_GetTick                              0x08000e55   Thumb Code     6  stm32f4xx_hal.o(i.HAL_GetTick)
    HAL_IncTick                              0x08000e61   Thumb Code    12  stm32f4xx_hal.o(i.HAL_IncTick)
    HAL_Init                                 0x08000e71   Thumb Code    48  stm32f4xx_hal.o(i.HAL_Init)
    HAL_InitTick                             0x08000ea5   Thumb Code    54  stm32f4xx_hal.o(i.HAL_InitTick)
    HAL_MspInit                              0x08000ee5   Thumb Code    48  stm32f4xx_hal_msp.o(i.HAL_MspInit)
    HAL_NVIC_EnableIRQ                       0x08000f19   Thumb Code    26  stm32f4xx_hal_cortex.o(i.HAL_NVIC_EnableIRQ)
    HAL_NVIC_SetPriority                     0x08000f35   Thumb Code    60  stm32f4xx_hal_cortex.o(i.HAL_NVIC_SetPriority)
    HAL_NVIC_SetPriorityGrouping             0x08000f75   Thumb Code    26  stm32f4xx_hal_cortex.o(i.HAL_NVIC_SetPriorityGrouping)
    HAL_PWREx_EnableOverDrive                0x08000f99   Thumb Code    98  stm32f4xx_hal_pwr_ex.o(i.HAL_PWREx_EnableOverDrive)
    HAL_RCC_ClockConfig                      0x08001009   Thumb Code   288  stm32f4xx_hal_rcc.o(i.HAL_RCC_ClockConfig)
    HAL_RCC_GetPCLK1Freq                     0x0800113d   Thumb Code    20  stm32f4xx_hal_rcc.o(i.HAL_RCC_GetPCLK1Freq)
    HAL_RCC_GetPCLK2Freq                     0x0800115d   Thumb Code    20  stm32f4xx_hal_rcc.o(i.HAL_RCC_GetPCLK2Freq)
    HAL_RCC_GetSysClockFreq                  0x0800117d   Thumb Code    88  stm32f4xx_hal_rcc.o(i.HAL_RCC_GetSysClockFreq)
    HAL_RCC_OscConfig                        0x080011e1   Thumb Code   840  stm32f4xx_hal_rcc.o(i.HAL_RCC_OscConfig)
    HAL_SPI_GetState                         0x0800153d   Thumb Code     6  stm32f4xx_hal_spi.o(i.HAL_SPI_GetState)
    HAL_SPI_Init                             0x08001543   Thumb Code   128  stm32f4xx_hal_spi.o(i.HAL_SPI_Init)
    HAL_SPI_MspInit                          0x080015c5   Thumb Code    94  spi.o(i.HAL_SPI_MspInit)
    HAL_SPI_TransmitReceive                  0x08001631   Thumb Code   482  stm32f4xx_hal_spi.o(i.HAL_SPI_TransmitReceive)
    HAL_SYSTICK_Config                       0x08001813   Thumb Code    40  stm32f4xx_hal_cortex.o(i.HAL_SYSTICK_Config)
    HAL_TIMEx_BreakCallback                  0x0800183b   Thumb Code     2  stm32f4xx_hal_tim_ex.o(i.HAL_TIMEx_BreakCallback)
    HAL_TIMEx_CommutCallback                 0x0800183d   Thumb Code     2  stm32f4xx_hal_tim_ex.o(i.HAL_TIMEx_CommutCallback)
    HAL_TIMEx_MasterConfigSynchronization    0x08001841   Thumb Code   116  stm32f4xx_hal_tim_ex.o(i.HAL_TIMEx_MasterConfigSynchronization)
    HAL_TIM_Base_Init                        0x080018d1   Thumb Code    54  stm32f4xx_hal_tim.o(i.HAL_TIM_Base_Init)
    HAL_TIM_Base_MspInit                     0x08001909   Thumb Code   108  tim.o(i.HAL_TIM_Base_MspInit)
    HAL_TIM_Base_Start                       0x08001981   Thumb Code    36  stm32f4xx_hal_tim.o(i.HAL_TIM_Base_Start)
    HAL_TIM_Base_Start_IT                    0x080019a5   Thumb Code    34  stm32f4xx_hal_tim.o(i.HAL_TIM_Base_Start_IT)
    HAL_TIM_Base_Stop                        0x080019c7   Thumb Code    44  stm32f4xx_hal_tim.o(i.HAL_TIM_Base_Stop)
    HAL_TIM_ConfigClockSource                0x080019f3   Thumb Code   214  stm32f4xx_hal_tim.o(i.HAL_TIM_ConfigClockSource)
    HAL_TIM_IC_CaptureCallback               0x08001ac9   Thumb Code     2  stm32f4xx_hal_tim.o(i.HAL_TIM_IC_CaptureCallback)
    HAL_TIM_IRQHandler                       0x08001acb   Thumb Code   358  stm32f4xx_hal_tim.o(i.HAL_TIM_IRQHandler)
    HAL_TIM_OC_DelayElapsedCallback          0x08001c31   Thumb Code     2  stm32f4xx_hal_tim.o(i.HAL_TIM_OC_DelayElapsedCallback)
    HAL_TIM_PWM_PulseFinishedCallback        0x08001c33   Thumb Code     2  stm32f4xx_hal_tim.o(i.HAL_TIM_PWM_PulseFinishedCallback)
    HAL_TIM_PeriodElapsedCallback            0x08001c35   Thumb Code    54  main.o(i.HAL_TIM_PeriodElapsedCallback)
    HAL_TIM_TriggerCallback                  0x08001c81   Thumb Code     2  stm32f4xx_hal_tim.o(i.HAL_TIM_TriggerCallback)
    HAL_UART_ErrorCallback                   0x08001c83   Thumb Code     2  stm32f4xx_hal_uart.o(i.HAL_UART_ErrorCallback)
    HAL_UART_IRQHandler                      0x08001c85   Thumb Code   270  stm32f4xx_hal_uart.o(i.HAL_UART_IRQHandler)
    HAL_UART_Init                            0x08001d99   Thumb Code    98  stm32f4xx_hal_uart.o(i.HAL_UART_Init)
    HAL_UART_MspInit                         0x08001dfd   Thumb Code   144  usart.o(i.HAL_UART_MspInit)
    HAL_UART_Receive                         0x08001ea5   Thumb Code   190  stm32f4xx_hal_uart.o(i.HAL_UART_Receive)
    HAL_UART_RxCpltCallback                  0x08001f63   Thumb Code     2  stm32f4xx_hal_uart.o(i.HAL_UART_RxCpltCallback)
    HAL_UART_Transmit                        0x08001f65   Thumb Code   186  stm32f4xx_hal_uart.o(i.HAL_UART_Transmit)
    HAL_UART_TxCpltCallback                  0x0800201f   Thumb Code     2  stm32f4xx_hal_uart.o(i.HAL_UART_TxCpltCallback)
    HardFault_Handler                        0x08002021   Thumb Code     2  stm32f4xx_it.o(i.HardFault_Handler)
    IIC_Ack                                  0x08002025   Thumb Code    56  iic.o(i.IIC_Ack)
    IIC_Init                                 0x08002065   Thumb Code    58  iic.o(i.IIC_Init)
    IIC_NAck                                 0x080020ad   Thumb Code    56  iic.o(i.IIC_NAck)
    IIC_Read_Byte                            0x080020ed   Thumb Code    96  iic.o(i.IIC_Read_Byte)
    IIC_Send_Byte                            0x08002155   Thumb Code    86  iic.o(i.IIC_Send_Byte)
    IIC_Start                                0x080021b5   Thumb Code    56  iic.o(i.IIC_Start)
    IIC_Stop                                 0x080021f5   Thumb Code    56  iic.o(i.IIC_Stop)
    IIC_Wait_Ack                             0x08002235   Thumb Code    74  iic.o(i.IIC_Wait_Ack)
    MX_GPIO_Init                             0x08002289   Thumb Code   152  gpio.o(i.MX_GPIO_Init)
    MX_SPI5_Init                             0x08002331   Thumb Code    60  spi.o(i.MX_SPI5_Init)
    MX_TIM2_Init                             0x08002375   Thumb Code    96  tim.o(i.MX_TIM2_Init)
    MX_TIM3_Init                             0x080023d9   Thumb Code    98  tim.o(i.MX_TIM3_Init)
    MX_TIM6_Init                             0x08002445   Thumb Code    62  tim.o(i.MX_TIM6_Init)
    MX_USART1_UART_Init                      0x0800248d   Thumb Code    48  usart.o(i.MX_USART1_UART_Init)
    MemManage_Handler                        0x080024c5   Thumb Code     2  stm32f4xx_it.o(i.MemManage_Handler)
    NMI_Handler                              0x080024c7   Thumb Code     2  stm32f4xx_it.o(i.NMI_Handler)
    PendSV_Handler                           0x080024c9   Thumb Code     2  stm32f4xx_it.o(i.PendSV_Handler)
    SVC_Handler                              0x080025b9   Thumb Code     2  stm32f4xx_it.o(i.SVC_Handler)
    SysTick_Handler                          0x080025bb   Thumb Code     4  stm32f4xx_it.o(i.SysTick_Handler)
    SystemClock_Config                       0x080025c1   Thumb Code   126  main.o(i.SystemClock_Config)
    SystemInit                               0x08002649   Thumb Code    22  system_stm32f4xx.o(i.SystemInit)
    TIM2_IRQHandler                          0x08002665   Thumb Code     6  stm32f4xx_it.o(i.TIM2_IRQHandler)
    TIM3_IRQHandler                          0x08002671   Thumb Code     6  stm32f4xx_it.o(i.TIM3_IRQHandler)
    TIM_Base_SetConfig                       0x0800267d   Thumb Code   156  stm32f4xx_hal_tim.o(i.TIM_Base_SetConfig)
    TIM_ETR_SetConfig                        0x08002745   Thumb Code    20  stm32f4xx_hal_tim.o(i.TIM_ETR_SetConfig)
    USART1_IRQHandler                        0x08002a61   Thumb Code   106  stm32f4xx_it.o(i.USART1_IRQHandler)
    UsageFault_Handler                       0x08002add   Thumb Code     2  stm32f4xx_it.o(i.UsageFault_Handler)
    __0printf                                0x08002ae1   Thumb Code    22  printfa.o(i.__0printf)
    __1printf                                0x08002ae1   Thumb Code     0  printfa.o(i.__0printf)
    __2printf                                0x08002ae1   Thumb Code     0  printfa.o(i.__0printf)
    __c89printf                              0x08002ae1   Thumb Code     0  printfa.o(i.__0printf)
    printf                                   0x08002ae1   Thumb Code     0  printfa.o(i.__0printf)
    __0vsnprintf                             0x08002b01   Thumb Code    40  printfa.o(i.__0vsnprintf)
    __1vsnprintf                             0x08002b01   Thumb Code     0  printfa.o(i.__0vsnprintf)
    __2vsnprintf                             0x08002b01   Thumb Code     0  printfa.o(i.__0vsnprintf)
    __c89vsnprintf                           0x08002b01   Thumb Code     0  printfa.o(i.__0vsnprintf)
    vsnprintf                                0x08002b01   Thumb Code     0  printfa.o(i.__0vsnprintf)
    __0vsprintf                              0x08002b2d   Thumb Code    30  printfa.o(i.__0vsprintf)
    __1vsprintf                              0x08002b2d   Thumb Code     0  printfa.o(i.__0vsprintf)
    __2vsprintf                              0x08002b2d   Thumb Code     0  printfa.o(i.__0vsprintf)
    __c89vsprintf                            0x08002b2d   Thumb Code     0  printfa.o(i.__0vsprintf)
    vsprintf                                 0x08002b2d   Thumb Code     0  printfa.o(i.__0vsprintf)
    __scatterload_copy                       0x08002b71   Thumb Code    14  handlers.o(i.__scatterload_copy)
    __scatterload_null                       0x08002b7f   Thumb Code     2  handlers.o(i.__scatterload_null)
    __scatterload_zeroinit                   0x08002b81   Thumb Code    14  handlers.o(i.__scatterload_zeroinit)
    button0_callback                         0x08003771   Thumb Code    96  main.o(i.button0_callback)
    button_attach                            0x080038b9   Thumb Code     8  multi_button.o(i.button_attach)
    button_handler                           0x080038c1   Thumb Code   420  multi_button.o(i.button_handler)
    button_init                              0x08003a65   Thumb Code    44  multi_button.o(i.button_init)
    button_start                             0x08003a91   Thumb Code    32  multi_button.o(i.button_start)
    button_ticks                             0x08003ab5   Thumb Code    22  multi_button.o(i.button_ticks)
    easyflash_init                           0x08003f81   Thumb Code    68  easyflash.o(i.easyflash_init)
    ef_calc_crc32                            0x08004021   Thumb Code    32  ef_utils.o(i.ef_calc_crc32)
    ef_env_init                              0x08004045   Thumb Code   110  ef_env.o(i.ef_env_init)
    ef_env_set_default                       0x08004141   Thumb Code   164  ef_env.o(i.ef_env_set_default)
    ef_get_env_blob                          0x08004259   Thumb Code    92  ef_env.o(i.ef_get_env_blob)
    ef_load_env                              0x080042d5   Thumb Code   106  ef_env.o(i.ef_load_env)
    ef_log_debug                             0x08004391   Thumb Code    46  ef_port.o(i.ef_log_debug)
    ef_log_info                              0x080043e1   Thumb Code    42  ef_port.o(i.ef_log_info)
    ef_port_env_lock                         0x08004421   Thumb Code     4  ef_port.o(i.ef_port_env_lock)
    ef_port_env_unlock                       0x08004425   Thumb Code     4  ef_port.o(i.ef_port_env_unlock)
    ef_port_erase                            0x08004429   Thumb Code    50  ef_port.o(i.ef_port_erase)
    ef_port_init                             0x080044c5   Thumb Code    20  ef_port.o(i.ef_port_init)
    ef_port_read                             0x080044dd   Thumb Code    32  ef_port.o(i.ef_port_read)
    ef_port_write                            0x080044fd   Thumb Code    36  ef_port.o(i.ef_port_write)
    ef_print                                 0x08004521   Thumb Code    28  ef_port.o(i.ef_print)
    ef_set_env_blob                          0x08004545   Thumb Code    48  ef_env.o(i.ef_set_env_blob)
    fputc                                    0x080047ed   Thumb Code    40  usart.o(i.fputc)
    get_button_event                         0x080048dd   Thumb Code     6  multi_button.o(i.get_button_event)
    main                                     0x08004ced   Thumb Code   154  main.o(i.main)
    msg_process                              0x08004ffd   Thumb Code   122  main.o(i.msg_process)
    read_button0_GPIO                        0x0800597d   Thumb Code     8  main.o(i.read_button0_GPIO)
    rt_ringbuffer_data_len                   0x080061e5   Thumb Code    50  ringbuffer.o(i.rt_ringbuffer_data_len)
    rt_ringbuffer_get                        0x08006219   Thumb Code   122  ringbuffer.o(i.rt_ringbuffer_get)
    rt_ringbuffer_init                       0x080062dd   Thumb Code    72  ringbuffer.o(i.rt_ringbuffer_init)
    rt_ringbuffer_put                        0x08006379   Thumb Code   126  ringbuffer.o(i.rt_ringbuffer_put)
    sfud_chip_erase                          0x080067a5   Thumb Code   174  sfud.o(i.sfud_chip_erase)
    sfud_device_init                         0x080068dd   Thumb Code    66  sfud.o(i.sfud_device_init)
    sfud_erase                               0x080069bd   Thumb Code   330  sfud.o(i.sfud_erase)
    sfud_erase_write                         0x08006bb5   Thumb Code    40  sfud.o(i.sfud_erase_write)
    sfud_get_device_table                    0x08006bdd   Thumb Code     4  sfud.o(i.sfud_get_device_table)
    sfud_init                                0x08006be5   Thumb Code    44  sfud.o(i.sfud_init)
    sfud_log_debug                           0x08006c79   Thumb Code    44  sfud_port.o(i.sfud_log_debug)
    sfud_log_info                            0x08006cc1   Thumb Code    40  sfud_port.o(i.sfud_log_info)
    sfud_read                                0x08006cfd   Thumb Code   184  sfud.o(i.sfud_read)
    sfud_read_sfdp                           0x08006e3d   Thumb Code    62  sfud_sfdp.o(i.sfud_read_sfdp)
    sfud_read_status                         0x08006ecd   Thumb Code    66  sfud.o(i.sfud_read_status)
    sfud_sfdp_get_suitable_eraser            0x08006f61   Thumb Code    86  sfud_sfdp.o(i.sfud_sfdp_get_suitable_eraser)
    sfud_spi_port_init                       0x08007015   Thumb Code    42  sfud_port.o(i.sfud_spi_port_init)
    sfud_write                               0x08007059   Thumb Code    42  sfud.o(i.sfud_write)
    sfud_write_status                        0x08007085   Thumb Code   108  sfud.o(i.sfud_write_status)
    test_env                                 0x08007279   Thumb Code   112  main.o(i.test_env)
    w25qxx_test                              0x080074b5   Thumb Code    82  main.o(i.w25qxx_test)
    AHBPrescTable                            0x080076a0   Data          16  system_stm32f4xx.o(.constdata)
    APBPrescTable                            0x080076b0   Data           8  system_stm32f4xx.o(.constdata)
    Region$$Table$$Base                      0x08008758   Number         0  anon$$obj.o(Region$$Table)
    Region$$Table$$Limit                     0x08008778   Number         0  anon$$obj.o(Region$$Table)
    ret                                      0x20000000   Data           1  main.o(.data)
    HMI_Page_Number                          0x20000004   Data           4  main.o(.data)
    w25qxx_test_string                       0x2000000c   Data         768  main.o(.data)
    s_USART1_RecFrameLen                     0x2000030c   Data           1  stm32f4xx_it.o(.data)
    uwTickFreq                               0x20000310   Data           1  stm32f4xx_hal.o(.data)
    uwTickPrio                               0x20000314   Data           4  stm32f4xx_hal.o(.data)
    uwTick                                   0x20000318   Data           4  stm32f4xx_hal.o(.data)
    SystemCoreClock                          0x2000031c   Data           4  system_stm32f4xx.o(.data)
    CHx_FIN_SEL                              0x200003b8   Data           4  fdc2214.o(.data)
    __stdout                                 0x200003bc   Data           4  stdout.o(.data)
    msg_ringbuffer                           0x20000440   Data          12  main.o(.bss)
    button0                                  0x2000054c   Data          40  main.o(.bss)
    hspi5                                    0x20000574   Data          88  spi.o(.bss)
    htim2                                    0x200005cc   Data          64  tim.o(.bss)
    htim3                                    0x2000060c   Data          64  tim.o(.bss)
    htim6                                    0x2000064c   Data          64  tim.o(.bss)
    huart1                                   0x2000068c   Data          64  usart.o(.bss)
    s_USART1_RxBuf                           0x200006cc   Data         256  stm32f4xx_it.o(.bss)
    usart1_recv_ring_buf                     0x200007cc   Data          12  stm32f4xx_it.o(.bss)
    env_cache_table                          0x20000a60   Data         128  ef_env.o(.bss)
    sector_cache_table                       0x20000ae0   Data          32  ef_env.o(.bss)
    fREFx                                    0x20000bd8   Data          32  fdc2214.o(.bss)
    __initial_sp                             0x20000ff8   Data           0  startup_stm32f429xx.o(STACK)



==============================================================================

Memory Map of the image

  Image Entry point : 0x080001ad

  Load Region LR_IROM1 (Base: 0x08000000, Size: 0x00008b38, Max: 0x00100000, ABSOLUTE, COMPRESSED[0x00008854])

    Execution Region ER_IROM1 (Exec base: 0x08000000, Load base: 0x08000000, Size: 0x00008778, Max: 0x00100000, ABSOLUTE)

    Exec Addr    Load Addr    Size         Type   Attr      Idx    E Section Name        Object

    0x08000000   0x08000000   0x000001ac   Data   RO            3    RESET               startup_stm32f429xx.o
    0x080001ac   0x080001ac   0x00000000   Code   RO         4399  * .ARM.Collect$$$$00000000  mc_w.l(entry.o)
    0x080001ac   0x080001ac   0x00000004   Code   RO         4687    .ARM.Collect$$$$00000001  mc_w.l(entry2.o)
    0x080001b0   0x080001b0   0x00000004   Code   RO         4690    .ARM.Collect$$$$00000004  mc_w.l(entry5.o)
    0x080001b4   0x080001b4   0x00000000   Code   RO         4692    .ARM.Collect$$$$00000008  mc_w.l(entry7b.o)
    0x080001b4   0x080001b4   0x00000000   Code   RO         4694    .ARM.Collect$$$$0000000A  mc_w.l(entry8b.o)
    0x080001b4   0x080001b4   0x00000008   Code   RO         4695    .ARM.Collect$$$$0000000B  mc_w.l(entry9a.o)
    0x080001bc   0x080001bc   0x00000000   Code   RO         4697    .ARM.Collect$$$$0000000D  mc_w.l(entry10a.o)
    0x080001bc   0x080001bc   0x00000000   Code   RO         4699    .ARM.Collect$$$$0000000F  mc_w.l(entry11a.o)
    0x080001bc   0x080001bc   0x00000004   Code   RO         4688    .ARM.Collect$$$$00002712  mc_w.l(entry2.o)
    0x080001c0   0x080001c0   0x00000024   Code   RO            4    .text               startup_stm32f429xx.o
    0x080001e4   0x080001e4   0x00000062   Code   RO         4402    .text               mc_w.l(uldiv.o)
    0x08000246   0x08000246   0x00000024   Code   RO         4404    .text               mc_w.l(memcpya.o)
    0x0800026a   0x0800026a   0x00000024   Code   RO         4406    .text               mc_w.l(memseta.o)
    0x0800028e   0x0800028e   0x00000018   Code   RO         4408    .text               mc_w.l(strncpy.o)
    0x080002a6   0x080002a6   0x0000000e   Code   RO         4410    .text               mc_w.l(strlen.o)
    0x080002b4   0x080002b4   0x0000001e   Code   RO         4412    .text               mc_w.l(strncmp.o)
    0x080002d2   0x080002d2   0x000000e4   Code   RO         4677    .text               mf_w.l(dmul.o)
    0x080003b6   0x080003b6   0x000000de   Code   RO         4679    .text               mf_w.l(ddiv.o)
    0x08000494   0x08000494   0x0000001a   Code   RO         4681    .text               mf_w.l(dfltui.o)
    0x080004ae   0x080004ae   0x0000002c   Code   RO         4702    .text               mc_w.l(uidiv.o)
    0x080004da   0x080004da   0x0000001e   Code   RO         4704    .text               mc_w.l(llshl.o)
    0x080004f8   0x080004f8   0x00000020   Code   RO         4706    .text               mc_w.l(llushr.o)
    0x08000518   0x08000518   0x00000000   Code   RO         4708    .text               mc_w.l(iusefp.o)
    0x08000518   0x08000518   0x000000ba   Code   RO         4711    .text               mf_w.l(depilogue.o)
    0x080005d2   0x080005d2   0x0000014e   Code   RO         4713    .text               mf_w.l(dadd.o)
    0x08000720   0x08000720   0x00000030   Code   RO         4715    .text               mf_w.l(dfixul.o)
    0x08000750   0x08000750   0x00000030   Code   RO         4717    .text               mf_w.l(cdrcmple.o)
    0x08000780   0x08000780   0x00000024   Code   RO         4719    .text               mc_w.l(init.o)
    0x080007a4   0x080007a4   0x00000024   Code   RO         4721    .text               mc_w.l(llsshr.o)
    0x080007c8   0x080007c8   0x00000056   Code   RO         4731    .text               mc_w.l(__dczerorl2.o)
    0x0800081e   0x0800081e   0x00000002   Code   RO          451    i.BusFault_Handler  stm32f4xx_it.o
    0x08000820   0x08000820   0x00000002   Code   RO          452    i.DebugMon_Handler  stm32f4xx_it.o
    0x08000822   0x08000822   0x00000002   Code   RO           13    i.Error_Handler     main.o
    0x08000824   0x08000824   0x00000088   Code   RO         4268    i.FDC2214_GetChannelData  fdc2214.o
    0x080008ac   0x080008ac   0x000000ec   Code   RO         4269    i.FDC2214_Init      fdc2214.o
    0x08000998   0x08000998   0x0000004c   Code   RO         4270    i.FDC2214_Read16    fdc2214.o
    0x080009e4   0x080009e4   0x0000000c   Code   RO         4271    i.FDC2214_Reset     fdc2214.o
    0x080009f0   0x080009f0   0x0000007c   Code   RO         4273    i.FDC2214_SetChannelClock  fdc2214.o
    0x08000a6c   0x08000a6c   0x00000022   Code   RO         4274    i.FDC2214_SetClockSource  fdc2214.o
    0x08000a8e   0x08000a8e   0x00000022   Code   RO         4275    i.FDC2214_SetCurrentMode  fdc2214.o
    0x08000ab0   0x08000ab0   0x0000002c   Code   RO         4276    i.FDC2214_SetDriveCurrent  fdc2214.o
    0x08000adc   0x08000adc   0x00000022   Code   RO         4277    i.FDC2214_SetHighCurrentMode  fdc2214.o
    0x08000afe   0x08000afe   0x0000003c   Code   RO         4278    i.FDC2214_SetINTB   fdc2214.o
    0x08000b3a   0x08000b3a   0x0000001e   Code   RO         4279    i.FDC2214_SetMUX_CONFIG  fdc2214.o
    0x08000b58   0x08000b58   0x00000030   Code   RO         4280    i.FDC2214_SetRcount  fdc2214.o
    0x08000b88   0x08000b88   0x0000002c   Code   RO         4281    i.FDC2214_SetSettleCount  fdc2214.o
    0x08000bb4   0x08000bb4   0x00000022   Code   RO         4282    i.FDC2214_SetSleepMode  fdc2214.o
    0x08000bd6   0x08000bd6   0x0000003e   Code   RO         4283    i.FDC2214_Write16   fdc2214.o
    0x08000c14   0x08000c14   0x00000024   Code   RO         1415    i.HAL_DMA_Abort_IT  stm32f4xx_hal_dma.o
    0x08000c38   0x08000c38   0x00000034   Code   RO           14    i.HAL_Delay_us      main.o
    0x08000c6c   0x08000c6c   0x000001d4   Code   RO         1307    i.HAL_GPIO_Init     stm32f4xx_hal_gpio.o
    0x08000e40   0x08000e40   0x0000000a   Code   RO         1309    i.HAL_GPIO_ReadPin  stm32f4xx_hal_gpio.o
    0x08000e4a   0x08000e4a   0x0000000a   Code   RO         1311    i.HAL_GPIO_WritePin  stm32f4xx_hal_gpio.o
    0x08000e54   0x08000e54   0x0000000c   Code   RO         1859    i.HAL_GetTick       stm32f4xx_hal.o
    0x08000e60   0x08000e60   0x00000010   Code   RO         1865    i.HAL_IncTick       stm32f4xx_hal.o
    0x08000e70   0x08000e70   0x00000034   Code   RO         1866    i.HAL_Init          stm32f4xx_hal.o
    0x08000ea4   0x08000ea4   0x00000040   Code   RO         1867    i.HAL_InitTick      stm32f4xx_hal.o
    0x08000ee4   0x08000ee4   0x00000034   Code   RO          554    i.HAL_MspInit       stm32f4xx_hal_msp.o
    0x08000f18   0x08000f18   0x0000001a   Code   RO         1714    i.HAL_NVIC_EnableIRQ  stm32f4xx_hal_cortex.o
    0x08000f32   0x08000f32   0x00000002   PAD
    0x08000f34   0x08000f34   0x00000040   Code   RO         1720    i.HAL_NVIC_SetPriority  stm32f4xx_hal_cortex.o
    0x08000f74   0x08000f74   0x00000024   Code   RO         1721    i.HAL_NVIC_SetPriorityGrouping  stm32f4xx_hal_cortex.o
    0x08000f98   0x08000f98   0x00000070   Code   RO         1643    i.HAL_PWREx_EnableOverDrive  stm32f4xx_hal_pwr_ex.o
    0x08001008   0x08001008   0x00000134   Code   RO          901    i.HAL_RCC_ClockConfig  stm32f4xx_hal_rcc.o
    0x0800113c   0x0800113c   0x00000020   Code   RO          908    i.HAL_RCC_GetPCLK1Freq  stm32f4xx_hal_rcc.o
    0x0800115c   0x0800115c   0x00000020   Code   RO          909    i.HAL_RCC_GetPCLK2Freq  stm32f4xx_hal_rcc.o
    0x0800117c   0x0800117c   0x00000064   Code   RO          910    i.HAL_RCC_GetSysClockFreq  stm32f4xx_hal_rcc.o
    0x080011e0   0x080011e0   0x0000035c   Code   RO          913    i.HAL_RCC_OscConfig  stm32f4xx_hal_rcc.o
    0x0800153c   0x0800153c   0x00000006   Code   RO          587    i.HAL_SPI_GetState  stm32f4xx_hal_spi.o
    0x08001542   0x08001542   0x00000080   Code   RO          589    i.HAL_SPI_Init      stm32f4xx_hal_spi.o
    0x080015c2   0x080015c2   0x00000002   PAD
    0x080015c4   0x080015c4   0x0000006c   Code   RO          295    i.HAL_SPI_MspInit   spi.o
    0x08001630   0x08001630   0x000001e2   Code   RO          598    i.HAL_SPI_TransmitReceive  stm32f4xx_hal_spi.o
    0x08001812   0x08001812   0x00000028   Code   RO         1725    i.HAL_SYSTICK_Config  stm32f4xx_hal_cortex.o
    0x0800183a   0x0800183a   0x00000002   Code   RO         2791    i.HAL_TIMEx_BreakCallback  stm32f4xx_hal_tim_ex.o
    0x0800183c   0x0800183c   0x00000002   Code   RO         2792    i.HAL_TIMEx_CommutCallback  stm32f4xx_hal_tim_ex.o
    0x0800183e   0x0800183e   0x00000002   PAD
    0x08001840   0x08001840   0x00000090   Code   RO         2809    i.HAL_TIMEx_MasterConfigSynchronization  stm32f4xx_hal_tim_ex.o
    0x080018d0   0x080018d0   0x00000036   Code   RO         2116    i.HAL_TIM_Base_Init  stm32f4xx_hal_tim.o
    0x08001906   0x08001906   0x00000002   PAD
    0x08001908   0x08001908   0x00000078   Code   RO          337    i.HAL_TIM_Base_MspInit  tim.o
    0x08001980   0x08001980   0x00000024   Code   RO         2119    i.HAL_TIM_Base_Start  stm32f4xx_hal_tim.o
    0x080019a4   0x080019a4   0x00000022   Code   RO         2121    i.HAL_TIM_Base_Start_IT  stm32f4xx_hal_tim.o
    0x080019c6   0x080019c6   0x0000002c   Code   RO         2122    i.HAL_TIM_Base_Stop  stm32f4xx_hal_tim.o
    0x080019f2   0x080019f2   0x000000d6   Code   RO         2125    i.HAL_TIM_ConfigClockSource  stm32f4xx_hal_tim.o
    0x08001ac8   0x08001ac8   0x00000002   Code   RO         2145    i.HAL_TIM_IC_CaptureCallback  stm32f4xx_hal_tim.o
    0x08001aca   0x08001aca   0x00000166   Code   RO         2159    i.HAL_TIM_IRQHandler  stm32f4xx_hal_tim.o
    0x08001c30   0x08001c30   0x00000002   Code   RO         2162    i.HAL_TIM_OC_DelayElapsedCallback  stm32f4xx_hal_tim.o
    0x08001c32   0x08001c32   0x00000002   Code   RO         2189    i.HAL_TIM_PWM_PulseFinishedCallback  stm32f4xx_hal_tim.o
    0x08001c34   0x08001c34   0x0000004c   Code   RO           15    i.HAL_TIM_PeriodElapsedCallback  main.o
    0x08001c80   0x08001c80   0x00000002   Code   RO         2202    i.HAL_TIM_TriggerCallback  stm32f4xx_hal_tim.o
    0x08001c82   0x08001c82   0x00000002   Code   RO         3063    i.HAL_UART_ErrorCallback  stm32f4xx_hal_uart.o
    0x08001c84   0x08001c84   0x00000114   Code   RO         3066    i.HAL_UART_IRQHandler  stm32f4xx_hal_uart.o
    0x08001d98   0x08001d98   0x00000062   Code   RO         3067    i.HAL_UART_Init     stm32f4xx_hal_uart.o
    0x08001dfa   0x08001dfa   0x00000002   PAD
    0x08001dfc   0x08001dfc   0x000000a8   Code   RO          391    i.HAL_UART_MspInit  usart.o
    0x08001ea4   0x08001ea4   0x000000be   Code   RO         3070    i.HAL_UART_Receive  stm32f4xx_hal_uart.o
    0x08001f62   0x08001f62   0x00000002   Code   RO         3073    i.HAL_UART_RxCpltCallback  stm32f4xx_hal_uart.o
    0x08001f64   0x08001f64   0x000000ba   Code   RO         3075    i.HAL_UART_Transmit  stm32f4xx_hal_uart.o
    0x0800201e   0x0800201e   0x00000002   Code   RO         3078    i.HAL_UART_TxCpltCallback  stm32f4xx_hal_uart.o
    0x08002020   0x08002020   0x00000002   Code   RO          453    i.HardFault_Handler  stm32f4xx_it.o
    0x08002022   0x08002022   0x00000002   PAD
    0x08002024   0x08002024   0x00000040   Code   RO         4199    i.IIC_Ack           iic.o
    0x08002064   0x08002064   0x00000048   Code   RO         4200    i.IIC_Init          iic.o
    0x080020ac   0x080020ac   0x00000040   Code   RO         4201    i.IIC_NAck          iic.o
    0x080020ec   0x080020ec   0x00000068   Code   RO         4202    i.IIC_Read_Byte     iic.o
    0x08002154   0x08002154   0x00000060   Code   RO         4203    i.IIC_Send_Byte     iic.o
    0x080021b4   0x080021b4   0x00000040   Code   RO         4204    i.IIC_Start         iic.o
    0x080021f4   0x080021f4   0x00000040   Code   RO         4205    i.IIC_Stop          iic.o
    0x08002234   0x08002234   0x00000054   Code   RO         4206    i.IIC_Wait_Ack      iic.o
    0x08002288   0x08002288   0x000000a8   Code   RO          270    i.MX_GPIO_Init      gpio.o
    0x08002330   0x08002330   0x00000044   Code   RO          296    i.MX_SPI5_Init      spi.o
    0x08002374   0x08002374   0x00000064   Code   RO          338    i.MX_TIM2_Init      tim.o
    0x080023d8   0x080023d8   0x0000006c   Code   RO          339    i.MX_TIM3_Init      tim.o
    0x08002444   0x08002444   0x00000048   Code   RO          340    i.MX_TIM6_Init      tim.o
    0x0800248c   0x0800248c   0x00000038   Code   RO          392    i.MX_USART1_UART_Init  usart.o
    0x080024c4   0x080024c4   0x00000002   Code   RO          454    i.MemManage_Handler  stm32f4xx_it.o
    0x080024c6   0x080024c6   0x00000002   Code   RO          455    i.NMI_Handler       stm32f4xx_it.o
    0x080024c8   0x080024c8   0x00000002   Code   RO          456    i.PendSV_Handler    stm32f4xx_it.o
    0x080024ca   0x080024ca   0x00000002   PAD
    0x080024cc   0x080024cc   0x00000058   Code   RO          627    i.SPI_EndRxTxTransaction  stm32f4xx_hal_spi.o
    0x08002524   0x08002524   0x00000094   Code   RO          632    i.SPI_WaitFlagStateUntilTimeout  stm32f4xx_hal_spi.o
    0x080025b8   0x080025b8   0x00000002   Code   RO          457    i.SVC_Handler       stm32f4xx_it.o
    0x080025ba   0x080025ba   0x00000004   Code   RO          458    i.SysTick_Handler   stm32f4xx_it.o
    0x080025be   0x080025be   0x00000002   PAD
    0x080025c0   0x080025c0   0x00000088   Code   RO           16    i.SystemClock_Config  main.o
    0x08002648   0x08002648   0x0000001c   Code   RO         3369    i.SystemInit        system_stm32f4xx.o
    0x08002664   0x08002664   0x0000000c   Code   RO          459    i.TIM2_IRQHandler   stm32f4xx_it.o
    0x08002670   0x08002670   0x0000000c   Code   RO          460    i.TIM3_IRQHandler   stm32f4xx_it.o
    0x0800267c   0x0800267c   0x000000c8   Code   RO         2204    i.TIM_Base_SetConfig  stm32f4xx_hal_tim.o
    0x08002744   0x08002744   0x00000014   Code   RO         2215    i.TIM_ETR_SetConfig  stm32f4xx_hal_tim.o
    0x08002758   0x08002758   0x00000010   Code   RO         2216    i.TIM_ITRx_SetConfig  stm32f4xx_hal_tim.o
    0x08002768   0x08002768   0x00000022   Code   RO         2222    i.TIM_TI1_ConfigInputStage  stm32f4xx_hal_tim.o
    0x0800278a   0x0800278a   0x00000024   Code   RO         2224    i.TIM_TI2_ConfigInputStage  stm32f4xx_hal_tim.o
    0x080027ae   0x080027ae   0x00000010   Code   RO         3080    i.UART_DMAAbortOnError  stm32f4xx_hal_uart.o
    0x080027be   0x080027be   0x0000001c   Code   RO         3090    i.UART_EndRxTransfer  stm32f4xx_hal_uart.o
    0x080027da   0x080027da   0x00000096   Code   RO         3092    i.UART_Receive_IT   stm32f4xx_hal_uart.o
    0x08002870   0x08002870   0x00000128   Code   RO         3093    i.UART_SetConfig    stm32f4xx_hal_uart.o
    0x08002998   0x08002998   0x00000062   Code   RO         3094    i.UART_Transmit_IT  stm32f4xx_hal_uart.o
    0x080029fa   0x080029fa   0x00000064   Code   RO         3095    i.UART_WaitOnFlagUntilTimeout  stm32f4xx_hal_uart.o
    0x08002a5e   0x08002a5e   0x00000002   PAD
    0x08002a60   0x08002a60   0x0000007c   Code   RO          461    i.USART1_IRQHandler  stm32f4xx_it.o
    0x08002adc   0x08002adc   0x00000002   Code   RO          462    i.UsageFault_Handler  stm32f4xx_it.o
    0x08002ade   0x08002ade   0x00000002   PAD
    0x08002ae0   0x08002ae0   0x00000020   Code   RO         4649    i.__0printf         mc_w.l(printfa.o)
    0x08002b00   0x08002b00   0x0000002c   Code   RO         4654    i.__0vsnprintf      mc_w.l(printfa.o)
    0x08002b2c   0x08002b2c   0x00000024   Code   RO         4655    i.__0vsprintf       mc_w.l(printfa.o)
    0x08002b50   0x08002b50   0x00000020   Code   RO         1727    i.__NVIC_SetPriority  stm32f4xx_hal_cortex.o
    0x08002b70   0x08002b70   0x0000000e   Code   RO         4725    i.__scatterload_copy  mc_w.l(handlers.o)
    0x08002b7e   0x08002b7e   0x00000002   Code   RO         4726    i.__scatterload_null  mc_w.l(handlers.o)
    0x08002b80   0x08002b80   0x0000000e   Code   RO         4727    i.__scatterload_zeroinit  mc_w.l(handlers.o)
    0x08002b8e   0x08002b8e   0x00000002   PAD
    0x08002b90   0x08002b90   0x00000184   Code   RO         4656    i._fp_digits        mc_w.l(printfa.o)
    0x08002d14   0x08002d14   0x000006dc   Code   RO         4657    i._printf_core      mc_w.l(printfa.o)
    0x080033f0   0x080033f0   0x00000024   Code   RO         4658    i._printf_post_padding  mc_w.l(printfa.o)
    0x08003414   0x08003414   0x0000002e   Code   RO         4659    i._printf_pre_padding  mc_w.l(printfa.o)
    0x08003442   0x08003442   0x00000016   Code   RO         4660    i._snputc           mc_w.l(printfa.o)
    0x08003458   0x08003458   0x0000000a   Code   RO         4661    i._sputc            mc_w.l(printfa.o)
    0x08003462   0x08003462   0x00000002   PAD
    0x08003464   0x08003464   0x000001f0   Code   RO         3488    i.aai_write         sfud.o
    0x08003654   0x08003654   0x0000001e   Code   RO         3895    i.align_write       ef_env.o
    0x08003672   0x08003672   0x00000002   PAD
    0x08003674   0x08003674   0x000000d0   Code   RO         3896    i.alloc_env         ef_env.o
    0x08003744   0x08003744   0x0000002c   Code   RO         3897    i.alloc_env_cb      ef_env.o
    0x08003770   0x08003770   0x00000148   Code   RO           17    i.button0_callback  main.o
    0x080038b8   0x080038b8   0x00000008   Code   RO         3663    i.button_attach     multi_button.o
    0x080038c0   0x080038c0   0x000001a4   Code   RO         3664    i.button_handler    multi_button.o
    0x08003a64   0x08003a64   0x0000002c   Code   RO         3665    i.button_init       multi_button.o
    0x08003a90   0x08003a90   0x00000024   Code   RO         3666    i.button_start      multi_button.o
    0x08003ab4   0x08003ab4   0x0000001c   Code   RO         3668    i.button_ticks      multi_button.o
    0x08003ad0   0x08003ad0   0x000000a4   Code   RO         3898    i.check_and_recovery_env_cb  ef_env.o
    0x08003b74   0x08003b74   0x00000020   Code   RO         3899    i.check_and_recovery_gc_cb  ef_env.o
    0x08003b94   0x08003b94   0x0000002c   Code   RO         3900    i.check_sec_hdr_cb  ef_env.o
    0x08003bc0   0x08003bc0   0x000001dc   Code   RO         3901    i.create_env_blob   ef_env.o
    0x08003d9c   0x08003d9c   0x000000ec   Code   RO         3902    i.del_env           ef_env.o
    0x08003e88   0x08003e88   0x000000f8   Code   RO         3903    i.do_gc             ef_env.o
    0x08003f80   0x08003f80   0x000000a0   Code   RO         3881    i.easyflash_init    easyflash.o
    0x08004020   0x08004020   0x00000024   Code   RO         4182    i.ef_calc_crc32     ef_utils.o
    0x08004044   0x08004044   0x000000fc   Code   RO         3906    i.ef_env_init       ef_env.o
    0x08004140   0x08004140   0x00000118   Code   RO         3907    i.ef_env_set_default  ef_env.o
    0x08004258   0x08004258   0x0000007c   Code   RO         3909    i.ef_get_env_blob   ef_env.o
    0x080042d4   0x080042d4   0x000000bc   Code   RO         3912    i.ef_load_env       ef_env.o
    0x08004390   0x08004390   0x00000050   Code   RO         3801    i.ef_log_debug      ef_port.o
    0x080043e0   0x080043e0   0x00000040   Code   RO         3802    i.ef_log_info       ef_port.o
    0x08004420   0x08004420   0x00000004   Code   RO         3803    i.ef_port_env_lock  ef_port.o
    0x08004424   0x08004424   0x00000004   Code   RO         3804    i.ef_port_env_unlock  ef_port.o
    0x08004428   0x08004428   0x0000009c   Code   RO         3805    i.ef_port_erase     ef_port.o
    0x080044c4   0x080044c4   0x00000018   Code   RO         3806    i.ef_port_init      ef_port.o
    0x080044dc   0x080044dc   0x00000020   Code   RO         3807    i.ef_port_read      ef_port.o
    0x080044fc   0x080044fc   0x00000024   Code   RO         3808    i.ef_port_write     ef_port.o
    0x08004520   0x08004520   0x00000024   Code   RO         3809    i.ef_print          ef_port.o
    0x08004544   0x08004544   0x00000050   Code   RO         3918    i.ef_set_env_blob   ef_env.o
    0x08004594   0x08004594   0x00000062   Code   RO         3919    i.env_iterator      ef_env.o
    0x080045f6   0x080045f6   0x00000042   Code   RO         3920    i.find_env          ef_env.o
    0x08004638   0x08004638   0x00000036   Code   RO         3921    i.find_env_cb       ef_env.o
    0x0800466e   0x0800466e   0x00000002   PAD
    0x08004670   0x08004670   0x00000020   Code   RO         3922    i.find_env_no_cache  ef_env.o
    0x08004690   0x08004690   0x00000084   Code   RO         3923    i.find_next_env_addr  ef_env.o
    0x08004714   0x08004714   0x000000d8   Code   RO         3924    i.format_sector     ef_env.o
    0x080047ec   0x080047ec   0x00000030   Code   RO          395    i.fputc             usart.o
    0x0800481c   0x0800481c   0x0000000e   Code   RO         3925    i.gc_check_cb       ef_env.o
    0x0800482a   0x0800482a   0x00000002   PAD
    0x0800482c   0x0800482c   0x000000b0   Code   RO         3926    i.gc_collect        ef_env.o
    0x080048dc   0x080048dc   0x00000006   Code   RO         3669    i.get_button_event  multi_button.o
    0x080048e2   0x080048e2   0x00000002   PAD
    0x080048e4   0x080048e4   0x00000078   Code   RO         3927    i.get_env_from_cache  ef_env.o
    0x0800495c   0x0800495c   0x0000004e   Code   RO         3928    i.get_next_env_addr  ef_env.o
    0x080049aa   0x080049aa   0x00000002   PAD
    0x080049ac   0x080049ac   0x00000034   Code   RO         3929    i.get_next_sector_addr  ef_env.o
    0x080049e0   0x080049e0   0x0000002c   Code   RO         3930    i.get_sector_from_cache  ef_env.o
    0x08004a0c   0x08004a0c   0x00000028   Code   RO         3931    i.get_status        ef_env.o
    0x08004a34   0x08004a34   0x000002b8   Code   RO         3489    i.hardware_init     sfud.o
    0x08004cec   0x08004cec   0x00000114   Code   RO           18    i.main              main.o
    0x08004e00   0x08004e00   0x000000a4   Code   RO         3490    i.make_adress_byte_array  sfud.o
    0x08004ea4   0x08004ea4   0x00000158   Code   RO         3932    i.move_env          ef_env.o
    0x08004ffc   0x08004ffc   0x000000b8   Code   RO           19    i.msg_process       main.o
    0x080050b4   0x080050b4   0x0000006c   Code   RO         3933    i.new_env           ef_env.o
    0x08005120   0x08005120   0x00000218   Code   RO         3491    i.page256_or_1_byte_write  sfud.o
    0x08005338   0x08005338   0x00000140   Code   RO         3623    i.read_basic_header  sfud_sfdp.o
    0x08005478   0x08005478   0x00000504   Code   RO         3624    i.read_basic_table  sfud_sfdp.o
    0x0800597c   0x0800597c   0x0000000c   Code   RO           20    i.read_button0_GPIO  main.o
    0x08005988   0x08005988   0x00000178   Code   RO         3935    i.read_env          ef_env.o
    0x08005b00   0x08005b00   0x000000a4   Code   RO         3492    i.read_jedec_id     sfud.o
    0x08005ba4   0x08005ba4   0x00000218   Code   RO         3936    i.read_sector_meta_data  ef_env.o
    0x08005dbc   0x08005dbc   0x00000104   Code   RO         3625    i.read_sfdp_data    sfud_sfdp.o
    0x08005ec0   0x08005ec0   0x00000180   Code   RO         3626    i.read_sfdp_header  sfud_sfdp.o
    0x08006040   0x08006040   0x0000008c   Code   RO         3937    i.read_status       ef_env.o
    0x080060cc   0x080060cc   0x00000110   Code   RO         3493    i.reset             sfud.o
    0x080061dc   0x080061dc   0x00000008   Code   RO         3406    i.retry_delay_100us  sfud_port.o
    0x080061e4   0x080061e4   0x00000032   Code   RO         3719    i.rt_ringbuffer_data_len  ringbuffer.o
    0x08006216   0x08006216   0x00000002   PAD
    0x08006218   0x08006218   0x000000c4   Code   RO         3720    i.rt_ringbuffer_get  ringbuffer.o
    0x080062dc   0x080062dc   0x0000009c   Code   RO         3722    i.rt_ringbuffer_init  ringbuffer.o
    0x08006378   0x08006378   0x000000c8   Code   RO         3723    i.rt_ringbuffer_put  ringbuffer.o
    0x08006440   0x08006440   0x00000020   Code   RO         3728    i.rt_ringbuffer_status  ringbuffer.o
    0x08006460   0x08006460   0x00000056   Code   RO         3938    i.sector_iterator   ef_env.o
    0x080064b6   0x080064b6   0x00000022   Code   RO         3939    i.sector_statistics_cb  ef_env.o
    0x080064d8   0x080064d8   0x0000011c   Code   RO         3494    i.set_4_byte_address_mode  sfud.o
    0x080065f4   0x080065f4   0x00000088   Code   RO         3940    i.set_env           ef_env.o
    0x0800667c   0x0800667c   0x0000002c   Code   RO         3941    i.set_status        ef_env.o
    0x080066a8   0x080066a8   0x000000fc   Code   RO         3495    i.set_write_enabled  sfud.o
    0x080067a4   0x080067a4   0x00000138   Code   RO         3496    i.sfud_chip_erase   sfud.o
    0x080068dc   0x080068dc   0x000000e0   Code   RO         3497    i.sfud_device_init  sfud.o
    0x080069bc   0x080069bc   0x000001f8   Code   RO         3498    i.sfud_erase        sfud.o
    0x08006bb4   0x08006bb4   0x00000028   Code   RO         3499    i.sfud_erase_write  sfud.o
    0x08006bdc   0x08006bdc   0x00000008   Code   RO         3502    i.sfud_get_device_table  sfud.o
    0x08006be4   0x08006be4   0x00000094   Code   RO         3503    i.sfud_init         sfud.o
    0x08006c78   0x08006c78   0x00000048   Code   RO         3407    i.sfud_log_debug    sfud_port.o
    0x08006cc0   0x08006cc0   0x0000003c   Code   RO         3408    i.sfud_log_info     sfud_port.o
    0x08006cfc   0x08006cfc   0x00000140   Code   RO         3504    i.sfud_read         sfud.o
    0x08006e3c   0x08006e3c   0x00000090   Code   RO         3627    i.sfud_read_sfdp    sfud_sfdp.o
    0x08006ecc   0x08006ecc   0x00000094   Code   RO         3505    i.sfud_read_status  sfud.o
    0x08006f60   0x08006f60   0x000000b4   Code   RO         3628    i.sfud_sfdp_get_suitable_eraser  sfud_sfdp.o
    0x08007014   0x08007014   0x00000044   Code   RO         3409    i.sfud_spi_port_init  sfud_port.o
    0x08007058   0x08007058   0x0000002a   Code   RO         3506    i.sfud_write        sfud.o
    0x08007082   0x08007082   0x00000002   PAD
    0x08007084   0x08007084   0x000000dc   Code   RO         3507    i.sfud_write_status  sfud.o
    0x08007160   0x08007160   0x00000004   Code   RO         3410    i.spi_lock          sfud_port.o
    0x08007164   0x08007164   0x00000004   Code   RO         3411    i.spi_unlock        sfud_port.o
    0x08007168   0x08007168   0x00000110   Code   RO         3412    i.spi_write_read    sfud_port.o
    0x08007278   0x08007278   0x000000d0   Code   RO           21    i.test_env          main.o
    0x08007348   0x08007348   0x000000b0   Code   RO         3942    i.update_env_cache  ef_env.o
    0x080073f8   0x080073f8   0x0000005a   Code   RO         3943    i.update_sec_status  ef_env.o
    0x08007452   0x08007452   0x00000002   PAD
    0x08007454   0x08007454   0x00000060   Code   RO         3944    i.update_sector_cache  ef_env.o
    0x080074b4   0x080074b4   0x0000005c   Code   RO           22    i.w25qxx_test       main.o
    0x08007510   0x08007510   0x000000c8   Code   RO         3508    i.wait_busy         sfud.o
    0x080075d8   0x080075d8   0x000000c8   Code   RO         3945    i.write_status      ef_env.o
    0x080076a0   0x080076a0   0x00000010   Data   RO         3370    .constdata          system_stm32f4xx.o
    0x080076b0   0x080076b0   0x00000008   Data   RO         3371    .constdata          system_stm32f4xx.o
    0x080076b8   0x080076b8   0x0000000f   Data   RO         3414    .constdata          sfud_port.o
    0x080076c7   0x080076c7   0x00000001   PAD
    0x080076c8   0x080076c8   0x00000377   Data   RO         3510    .constdata          sfud.o
    0x08007a3f   0x08007a3f   0x00000070   Data   RO         3629    .constdata          sfud_sfdp.o
    0x08007aaf   0x08007aaf   0x000000ab   Data   RO         3729    .constdata          ringbuffer.o
    0x08007b5a   0x08007b5a   0x00000002   PAD
    0x08007b5c   0x08007b5c   0x00000026   Data   RO         3811    .constdata          ef_port.o
    0x08007b82   0x08007b82   0x00000077   Data   RO         3947    .constdata          ef_env.o
    0x08007bf9   0x08007bf9   0x00000003   PAD
    0x08007bfc   0x08007bfc   0x00000400   Data   RO         4183    .constdata          ef_utils.o
    0x08007ffc   0x08007ffc   0x0000021d   Data   RO         3511    .conststring        sfud.o
    0x08008219   0x08008219   0x00000003   PAD
    0x0800821c   0x0800821c   0x0000038f   Data   RO         3630    .conststring        sfud_sfdp.o
    0x080085ab   0x080085ab   0x00000001   PAD
    0x080085ac   0x080085ac   0x0000002e   Data   RO         3812    .conststring        ef_port.o
    0x080085da   0x080085da   0x00000002   PAD
    0x080085dc   0x080085dc   0x00000049   Data   RO         3882    .conststring        easyflash.o
    0x08008625   0x08008625   0x00000003   PAD
    0x08008628   0x08008628   0x0000012f   Data   RO         3948    .conststring        ef_env.o
    0x08008757   0x08008757   0x00000001   PAD
    0x08008758   0x08008758   0x00000020   Data   RO         4723    Region$$Table       anon$$obj.o


    Execution Region RW_IRAM2 (Exec base: 0x10000000, Load base: 0x08008854, Size: 0x00000000, Max: 0x00010000, ABSOLUTE)

    **** No section assigned to this execution region ****


    Execution Region RW_IRAM1 (Exec base: 0x20000000, Load base: 0x08008778, Size: 0x00000ff8, Max: 0x00030000, ABSOLUTE, COMPRESSED[0x000000dc])

    Exec Addr    Load Addr    Size         Type   Attr      Idx    E Section Name        Object

    0x20000000   COMPRESSED   0x0000030c   Data   RW           24    .data               main.o
    0x2000030c   COMPRESSED   0x00000001   Data   RW          465    .data               stm32f4xx_it.o
    0x2000030d   COMPRESSED   0x00000003   PAD
    0x20000310   COMPRESSED   0x0000000c   Data   RW         1873    .data               stm32f4xx_hal.o
    0x2000031c   COMPRESSED   0x00000004   Data   RW         3372    .data               system_stm32f4xx.o
    0x20000320   COMPRESSED   0x0000000c   Data   RW         3415    .data               sfud_port.o
    0x2000032c   COMPRESSED   0x00000074   Data   RW         3512    .data               sfud.o
    0x200003a0   COMPRESSED   0x00000004   Data   RW         3670    .data               multi_button.o
    0x200003a4   COMPRESSED   0x00000001   Data   RW         3883    .data               easyflash.o
    0x200003a5   COMPRESSED   0x00000003   PAD
    0x200003a8   COMPRESSED   0x00000010   Data   RW         3949    .data               ef_env.o
    0x200003b8   COMPRESSED   0x00000004   Data   RW         4285    .data               fdc2214.o
    0x200003bc   COMPRESSED   0x00000004   Data   RW         4701    .data               mc_w.l(stdout.o)
    0x200003c0        -       0x000001b4   Zero   RW           23    .bss                main.o
    0x20000574        -       0x00000058   Zero   RW          297    .bss                spi.o
    0x200005cc        -       0x000000c0   Zero   RW          341    .bss                tim.o
    0x2000068c        -       0x00000040   Zero   RW          396    .bss                usart.o
    0x200006cc        -       0x00000100   Zero   RW          463    .bss                stm32f4xx_it.o
    0x200007cc        -       0x0000000c   Zero   RW          464    .bss                stm32f4xx_it.o
    0x200007d8        -       0x00000100   Zero   RW         3413    .bss                sfud_port.o
    0x200008d8        -       0x00000105   Zero   RW         3509    .bss                sfud.o
    0x200009dd        -       0x00000080   Zero   RW         3810    .bss                ef_port.o
    0x20000a5d   COMPRESSED   0x00000003   PAD
    0x20000a60        -       0x00000174   Zero   RW         3946    .bss                ef_env.o
    0x20000bd4   COMPRESSED   0x00000004   PAD
    0x20000bd8        -       0x00000020   Zero   RW         4284    .bss                fdc2214.o
    0x20000bf8        -       0x00000400   Zero   RW            1    STACK               startup_stm32f429xx.o


==============================================================================

Image component sizes


      Code (inc. data)   RO Data    RW Data    ZI Data      Debug   Object Name

       160         92         73          1          0       1101   easyflash.o
      5894       1784        422         16        372      41343   ef_env.o
       436        174         84          0        128       8114   ef_port.o
        36          4       1024          0          0       1256   ef_utils.o
      1008        120          0          4         32      13750   fdc2214.o
       168         16          0          0          0        995   gpio.o
       612         74          0          0          0       5054   iic.o
      1366        570          0        780        436     774818   main.o
       542         16          0          4          0       4728   multi_button.o
       634        232        171          0          0       7440   ringbuffer.o
      5030       2278       1428        116        261      21749   sfud.o
       488        172         15         12        256      13690   sfud_port.o
      2572       1400       1023          0          0       6341   sfud_sfdp.o
       176         22          0          0         88       1745   spi.o
        36          8        428          0       1024        856   startup_stm32f429xx.o
       144         24          0         12          0       9061   stm32f4xx_hal.o
       198         14          0          0          0      34079   stm32f4xx_hal_cortex.o
        36          0          0          0          0       1251   stm32f4xx_hal_dma.o
       488         54          0          0          0       3151   stm32f4xx_hal_gpio.o
        52          4          0          0          0        878   stm32f4xx_hal_msp.o
       112         14          0          0          0       1328   stm32f4xx_hal_pwr_ex.o
      1332         76          0          0          0       5348   stm32f4xx_hal_rcc.o
       852          8          0          0          0       5452   stm32f4xx_hal_spi.o
      1054         44          0          0          0      11582   stm32f4xx_hal_tim.o
       148         28          0          0          0       2537   stm32f4xx_hal_tim_ex.o
      1444         16          0          0          0      10954   stm32f4xx_hal_uart.o
       168         30          0          1        268       6698   stm32f4xx_it.o
        28          6         24          4          0       1191   system_stm32f4xx.o
       400         36          0          0        192       3088   tim.o
       272         40          0          0         64       2350   usart.o

    ----------------------------------------------------------------------
     25922       7356       4740        956       3128    1001928   Object Totals
         0          0         32          0          0          0   (incl. Generated)
        36          0         16          6          7          0   (incl. Padding)

    ----------------------------------------------------------------------

      Code (inc. data)   RO Data    RW Data    ZI Data      Debug   Library Member Name

        86          0          0          0          0          0   __dczerorl2.o
         0          0          0          0          0          0   entry.o
         0          0          0          0          0          0   entry10a.o
         0          0          0          0          0          0   entry11a.o
         8          4          0          0          0          0   entry2.o
         4          0          0          0          0          0   entry5.o
         0          0          0          0          0          0   entry7b.o
         0          0          0          0          0          0   entry8b.o
         8          4          0          0          0          0   entry9a.o
        30          0          0          0          0          0   handlers.o
        36          8          0          0          0         68   init.o
         0          0          0          0          0          0   iusefp.o
        30          0          0          0          0         68   llshl.o
        36          0          0          0          0         68   llsshr.o
        32          0          0          0          0         68   llushr.o
        36          0          0          0          0         68   memcpya.o
        36          0          0          0          0        108   memseta.o
      2370        100          0          0          0        748   printfa.o
         0          0          0          4          0          0   stdout.o
        14          0          0          0          0         68   strlen.o
        30          0          0          0          0         80   strncmp.o
        24          0          0          0          0         76   strncpy.o
        44          0          0          0          0         80   uidiv.o
        98          0          0          0          0         92   uldiv.o
        48          0          0          0          0         68   cdrcmple.o
       334          0          0          0          0        148   dadd.o
       222          0          0          0          0        100   ddiv.o
       186          0          0          0          0        176   depilogue.o
        48          0          0          0          0         68   dfixul.o
        26          0          0          0          0         76   dfltui.o
       228          0          0          0          0         96   dmul.o

    ----------------------------------------------------------------------
      4018        116          0          4          0       2324   Library Totals
         4          0          0          0          0          0   (incl. Padding)

    ----------------------------------------------------------------------

      Code (inc. data)   RO Data    RW Data    ZI Data      Debug   Library Name

      2922        116          0          4          0       1592   mc_w.l
      1092          0          0          0          0        732   mf_w.l

    ----------------------------------------------------------------------
      4018        116          0          4          0       2324   Library Totals

    ----------------------------------------------------------------------

==============================================================================


      Code (inc. data)   RO Data    RW Data    ZI Data      Debug   

     29940       7472       4740        960       3128     983388   Grand Totals
     29940       7472       4740        220       3128     983388   ELF Image Totals (compressed)
     29940       7472       4740        220          0          0   ROM Totals

==============================================================================

    Total RO  Size (Code + RO Data)                34680 (  33.87kB)
    Total RW  Size (RW Data + ZI Data)              4088 (   3.99kB)
    Total ROM Size (Code + RO Data + RW Data)      34900 (  34.08kB)

==============================================================================

